<html>
<body>
<pre>
<h1>µVision Build Log</h1>
<h2>Tool Versions:</h2>
IDE-Version: µVision V5.37.0.0
Copyright (C) 2022 ARM Ltd and ARM Germany GmbH. All rights reserved.
License Information: Alexandr Shevchenko, MNIPI, LIC=MGXG8-3JVKY-HRPXN-Y5JJ0-ZIPFW-TN52T
 
Tool Versions:
Toolchain:       MDK-ARM Professional  Version: 5.37.0.0
Toolchain Path:  C:\Keil_v5\ARM\ARMCLANG\Bin
C Compiler:      ArmClang.exe V6.18
Assembler:       Armasm.exe V6.18
Linker/Locator:  ArmLink.exe V6.18
Library Manager: ArmAr.exe V6.18
Hex Converter:   FromElf.exe V6.18
CPU DLL:         
Dialog DLL:      
Target DLL:      CMSIS_AGDI_V8M.DLL V1.7.17.0
Dialog DLL:      TCM.DLL V1.56.1.0
 
<h2>Project:</h2>
C:\My\GitHub\_work\HandHeld\sources\Device\Device.uvprojx
Project File Date:  03/16/2024

<h2>Output:</h2>
*** Using Compiler 'V6.18', folder: 'C:\Keil_v5\ARM\ARMCLANG\Bin'
Build Project 'Device' - Target 'Release'
compiling gd32e23x_crc.c...
compiling gd32e23x_syscfg.c...
compiling gd32e23x_dma.c...
compiling gd32e23x_gpio.c...
compiling gd32e23x_adc.c...
compiling gd32e23x_exti.c...
compiling gd32e23x_pmu.c...
compiling gd32e23x_dbg.c...
compiling gd32e23x_cmp.c...
compiling gd32e23x_fwdgt.c...
compiling gd32e23x_misc.c...
compiling gd32e23x_fmc.c...
compiling gd32e23x_spi.c...
compiling gd32e23x_rtc.c...
compiling gd32e23x_i2c.c...
compiling gd32e23x_rcu.c...
compiling main.cpp...
assembling startup_gd32e23x.s...
compiling gd32e23x_wwdgt.c...
compiling Timer.cpp...
compiling Watch.cpp...
compiling Device.cpp...
compiling gd32e23x_usart.c...
compiling system_gd32e23x.c...
compiling HAL.cpp...
compiling HAL_PINS.cpp...
compiling gd32e23x_timer.c...
compiling Colors.cpp...
compiling systick.cpp...
compiling gd32e23x_it.cpp...
compiling HAL_I2C.cpp...
compiling Font.cpp...
compiling Keyboard.cpp...
compiling Menu.cpp...
compiling Pages.cpp...
compiling PageHistory.cpp...
compiling Emulator_Receiver.cpp...
compiling PageMain.cpp...
compiling PageCalls.cpp...
compiling Beeper.cpp...
compiling PCF8563.cpp...
compiling CMT2210AW.cpp...
compiling MenuItems.cpp...
compiling melody1.cpp...
compiling melody2.cpp...
compiling ST7735.cpp...
compiling melody3.cpp...
compiling Player.cpp...
compiling melody4.cpp...
compiling melody5.cpp...
compiling melody6.cpp...
compiling melody7.cpp...
compiling melody9.cpp...
compiling melody8.cpp...
compiling melody10.cpp...
compiling Math.cpp...
compiling Settings.cpp...
compiling FPS.cpp...
compiling Display.cpp...
linking...
Program Size: Code=16380 RO-data=27608 RW-data=396 ZI-data=4308  
".\Objects\Project.axf" - 0 Error(s), 0 Warning(s).

<h2>Software Packages used:</h2>

Package Vendor: GigaDevice
                https://gd32mcu.com/data/documents/pack/GigaDevice.GD32E23x_DFP.1.0.2.pack
                GigaDevice.GD32E23x_DFP.1.0.2
                GigaDevice GD32E23x Series Device Support and Examples

<h2>Collection of Component include folders:</h2>
  C:/Users/Sasha/AppData/Local/Arm/Packs/GigaDevice/GD32E23x_DFP/1.0.2/Device/Include

<h2>Collection of Component Files used:</h2>
Build Time Elapsed:  00:00:01
</pre>
</body>
</html>
