Component: Arm Compiler for Embedded 6.18 Tool: armlink [5e4cc100]

==============================================================================

Section Cross References

    gd32e23x_adc.o(.text.adc_deinit) refers to gd32e23x_rcu.o(.text.rcu_periph_reset_enable) for rcu_periph_reset_enable
    gd32e23x_adc.o(.text.adc_deinit) refers to gd32e23x_rcu.o(.text.rcu_periph_reset_disable) for rcu_periph_reset_disable
    gd32e23x_adc.o(.ARM.exidx.text.adc_deinit) refers to gd32e23x_adc.o(.text.adc_deinit) for [Anonymous Symbol]
    gd32e23x_adc.o(.ARM.exidx.text.adc_enable) refers to gd32e23x_adc.o(.text.adc_enable) for [Anonymous Symbol]
    gd32e23x_adc.o(.ARM.exidx.text.adc_disable) refers to gd32e23x_adc.o(.text.adc_disable) for [Anonymous Symbol]
    gd32e23x_adc.o(.ARM.exidx.text.adc_calibration_enable) refers to gd32e23x_adc.o(.text.adc_calibration_enable) for [Anonymous Symbol]
    gd32e23x_adc.o(.ARM.exidx.text.adc_dma_mode_enable) refers to gd32e23x_adc.o(.text.adc_dma_mode_enable) for [Anonymous Symbol]
    gd32e23x_adc.o(.ARM.exidx.text.adc_dma_mode_disable) refers to gd32e23x_adc.o(.text.adc_dma_mode_disable) for [Anonymous Symbol]
    gd32e23x_adc.o(.ARM.exidx.text.adc_tempsensor_vrefint_enable) refers to gd32e23x_adc.o(.text.adc_tempsensor_vrefint_enable) for [Anonymous Symbol]
    gd32e23x_adc.o(.ARM.exidx.text.adc_tempsensor_vrefint_disable) refers to gd32e23x_adc.o(.text.adc_tempsensor_vrefint_disable) for [Anonymous Symbol]
    gd32e23x_adc.o(.ARM.exidx.text.adc_discontinuous_mode_config) refers to gd32e23x_adc.o(.text.adc_discontinuous_mode_config) for [Anonymous Symbol]
    gd32e23x_adc.o(.ARM.exidx.text.adc_special_function_config) refers to gd32e23x_adc.o(.text.adc_special_function_config) for [Anonymous Symbol]
    gd32e23x_adc.o(.ARM.exidx.text.adc_data_alignment_config) refers to gd32e23x_adc.o(.text.adc_data_alignment_config) for [Anonymous Symbol]
    gd32e23x_adc.o(.ARM.exidx.text.adc_channel_length_config) refers to gd32e23x_adc.o(.text.adc_channel_length_config) for [Anonymous Symbol]
    gd32e23x_adc.o(.ARM.exidx.text.adc_regular_channel_config) refers to gd32e23x_adc.o(.text.adc_regular_channel_config) for [Anonymous Symbol]
    gd32e23x_adc.o(.ARM.exidx.text.adc_inserted_channel_config) refers to gd32e23x_adc.o(.text.adc_inserted_channel_config) for [Anonymous Symbol]
    gd32e23x_adc.o(.ARM.exidx.text.adc_inserted_channel_offset_config) refers to gd32e23x_adc.o(.text.adc_inserted_channel_offset_config) for [Anonymous Symbol]
    gd32e23x_adc.o(.ARM.exidx.text.adc_external_trigger_config) refers to gd32e23x_adc.o(.text.adc_external_trigger_config) for [Anonymous Symbol]
    gd32e23x_adc.o(.ARM.exidx.text.adc_external_trigger_source_config) refers to gd32e23x_adc.o(.text.adc_external_trigger_source_config) for [Anonymous Symbol]
    gd32e23x_adc.o(.ARM.exidx.text.adc_software_trigger_enable) refers to gd32e23x_adc.o(.text.adc_software_trigger_enable) for [Anonymous Symbol]
    gd32e23x_adc.o(.ARM.exidx.text.adc_regular_data_read) refers to gd32e23x_adc.o(.text.adc_regular_data_read) for [Anonymous Symbol]
    gd32e23x_adc.o(.ARM.exidx.text.adc_inserted_data_read) refers to gd32e23x_adc.o(.text.adc_inserted_data_read) for [Anonymous Symbol]
    gd32e23x_adc.o(.ARM.exidx.text.adc_flag_get) refers to gd32e23x_adc.o(.text.adc_flag_get) for [Anonymous Symbol]
    gd32e23x_adc.o(.ARM.exidx.text.adc_flag_clear) refers to gd32e23x_adc.o(.text.adc_flag_clear) for [Anonymous Symbol]
    gd32e23x_adc.o(.ARM.exidx.text.adc_interrupt_flag_get) refers to gd32e23x_adc.o(.text.adc_interrupt_flag_get) for [Anonymous Symbol]
    gd32e23x_adc.o(.ARM.exidx.text.adc_interrupt_flag_clear) refers to gd32e23x_adc.o(.text.adc_interrupt_flag_clear) for [Anonymous Symbol]
    gd32e23x_adc.o(.ARM.exidx.text.adc_interrupt_enable) refers to gd32e23x_adc.o(.text.adc_interrupt_enable) for [Anonymous Symbol]
    gd32e23x_adc.o(.ARM.exidx.text.adc_interrupt_disable) refers to gd32e23x_adc.o(.text.adc_interrupt_disable) for [Anonymous Symbol]
    gd32e23x_adc.o(.ARM.exidx.text.adc_watchdog_single_channel_enable) refers to gd32e23x_adc.o(.text.adc_watchdog_single_channel_enable) for [Anonymous Symbol]
    gd32e23x_adc.o(.ARM.exidx.text.adc_watchdog_group_channel_enable) refers to gd32e23x_adc.o(.text.adc_watchdog_group_channel_enable) for [Anonymous Symbol]
    gd32e23x_adc.o(.ARM.exidx.text.adc_watchdog_disable) refers to gd32e23x_adc.o(.text.adc_watchdog_disable) for [Anonymous Symbol]
    gd32e23x_adc.o(.ARM.exidx.text.adc_watchdog_threshold_config) refers to gd32e23x_adc.o(.text.adc_watchdog_threshold_config) for [Anonymous Symbol]
    gd32e23x_adc.o(.ARM.exidx.text.adc_resolution_config) refers to gd32e23x_adc.o(.text.adc_resolution_config) for [Anonymous Symbol]
    gd32e23x_adc.o(.ARM.exidx.text.adc_oversample_mode_config) refers to gd32e23x_adc.o(.text.adc_oversample_mode_config) for [Anonymous Symbol]
[...]
    _printf_fp_dec                           0x080040a9   Thumb Code    16  printf1.o(x$fpl$printf1)
    _printf_fp_hex                           0x080040b9   Thumb Code    16  printf2.o(x$fpl$printf2)
    __I$use$fp                               0x080040c8   Number         0  usenofp.o(x$fpl$usenofp)
    I2C_ADDR                                 0x080041c4   Data           4  hal_pins.o(.rodata.I2C_ADDR)
    PageHistory::self                        0x08009d78   Data           4  pagehistory.o(.rodata._ZN11PageHistory4selfE)
    PageMain::self                           0x08009d7c   Data           4  pagemain.o(.rodata._ZN8PageMain4selfE)
    PageCalls::PageMobile::pageMobile        0x08009d80   Data           8  pagecalls.o(.rodata._ZN9PageCalls10PageMobile10pageMobileE)
    PageCalls::PageMobile::choiceMelody      0x08009d88   Data           8  pagecalls.o(.rodata._ZN9PageCalls10PageMobile12choiceMelodyE)
    PageCalls::PageMobile::choiceVolume      0x08009d90   Data           8  pagecalls.o(.rodata._ZN9PageCalls10PageMobile12choiceVolumeE)
    PageCalls::PageMobile::choiceEnableLED   0x08009d98   Data           8  pagecalls.o(.rodata._ZN9PageCalls10PageMobile15choiceEnableLEDE)
    PageCalls::PageMobile::choiceEnableMelody 0x08009da0   Data           8  pagecalls.o(.rodata._ZN9PageCalls10PageMobile18choiceEnableMelodyE)
    PageCalls::PageMobile::choiceEnabledVibro 0x08009da8   Data           8  pagecalls.o(.rodata._ZN9PageCalls10PageMobile18choiceEnabledVibroE)
    PageCalls::PageDoorBell::choiceMelody    0x08009ef0   Data           8  pagecalls.o(.rodata._ZN9PageCalls12PageDoorBell12choiceMelodyE)
    PageCalls::PageDoorBell::choiceVolume    0x08009ef8   Data           8  pagecalls.o(.rodata._ZN9PageCalls12PageDoorBell12choiceVolumeE)
    PageCalls::PageDoorBell::pageDoorBell    0x08009f00   Data           8  pagecalls.o(.rodata._ZN9PageCalls12PageDoorBell12pageDoorBellE)
    PageCalls::PageDoorBell::choiceEnableLED 0x08009f08   Data           8  pagecalls.o(.rodata._ZN9PageCalls12PageDoorBell15choiceEnableLEDE)
    PageCalls::PageDoorBell::choiceEnableMelody 0x08009f10   Data           8  pagecalls.o(.rodata._ZN9PageCalls12PageDoorBell18choiceEnableMelodyE)
    PageCalls::PageDoorBell::choiceEnabledVibro 0x08009f18   Data           8  pagecalls.o(.rodata._ZN9PageCalls12PageDoorBell18choiceEnabledVibroE)
    PageCalls::PageIntercom::choiceMelody    0x0800a060   Data           8  pagecalls.o(.rodata._ZN9PageCalls12PageIntercom12choiceMelodyE)
    PageCalls::PageIntercom::choiceVolume    0x0800a068   Data           8  pagecalls.o(.rodata._ZN9PageCalls12PageIntercom12choiceVolumeE)
    PageCalls::PageIntercom::pageIntercom    0x0800a070   Data           8  pagecalls.o(.rodata._ZN9PageCalls12PageIntercom12pageIntercomE)
    PageCalls::PageIntercom::choiceEnableLED 0x0800a078   Data           8  pagecalls.o(.rodata._ZN9PageCalls12PageIntercom15choiceEnableLEDE)
    PageCalls::PageIntercom::choiceEnableMelody 0x0800a080   Data           8  pagecalls.o(.rodata._ZN9PageCalls12PageIntercom18choiceEnableMelodyE)
    PageCalls::PageIntercom::choiceEnabledVibro 0x0800a088   Data           8  pagecalls.o(.rodata._ZN9PageCalls12PageIntercom18choiceEnabledVibroE)
    PageCalls::PageHomePhone::choiceMelody   0x0800a1d0   Data           8  pagecalls.o(.rodata._ZN9PageCalls13PageHomePhone12choiceMelodyE)
    PageCalls::PageHomePhone::choiceVolume   0x0800a1d8   Data           8  pagecalls.o(.rodata._ZN9PageCalls13PageHomePhone12choiceVolumeE)
    PageCalls::PageHomePhone::pageHomePhone  0x0800a1e0   Data           8  pagecalls.o(.rodata._ZN9PageCalls13PageHomePhone13pageHomePhoneE)
    PageCalls::PageHomePhone::choiceEnableLED 0x0800a1e8   Data           8  pagecalls.o(.rodata._ZN9PageCalls13PageHomePhone15choiceEnableLEDE)
    PageCalls::PageHomePhone::choiceEnableMelody 0x0800a1f0   Data           8  pagecalls.o(.rodata._ZN9PageCalls13PageHomePhone18choiceEnableMelodyE)
    PageCalls::PageHomePhone::choiceEnabledVibro 0x0800a1f8   Data           8  pagecalls.o(.rodata._ZN9PageCalls13PageHomePhone18choiceEnabledVibroE)
    PageCalls::PageSoundSensor::choiceMelody 0x0800a340   Data           8  pagecalls.o(.rodata._ZN9PageCalls15PageSoundSensor12choiceMelodyE)
    PageCalls::PageSoundSensor::choiceVolume 0x0800a348   Data           8  pagecalls.o(.rodata._ZN9PageCalls15PageSoundSensor12choiceVolumeE)
    PageCalls::PageSoundSensor::choiceEnableLED 0x0800a350   Data           8  pagecalls.o(.rodata._ZN9PageCalls15PageSoundSensor15choiceEnableLEDE)
    PageCalls::PageSoundSensor::pageSoundSensor 0x0800a358   Data           8  pagecalls.o(.rodata._ZN9PageCalls15PageSoundSensor15pageSoundSensorE)
    PageCalls::PageSoundSensor::choiceEnableMelody 0x0800a360   Data           8  pagecalls.o(.rodata._ZN9PageCalls15PageSoundSensor18choiceEnableMelodyE)
    PageCalls::PageSoundSensor::choiceEnabledVibro 0x0800a368   Data           8  pagecalls.o(.rodata._ZN9PageCalls15PageSoundSensor18choiceEnabledVibroE)
    PageCalls::self                          0x0800a4b0   Data           4  pagecalls.o(.rodata._ZN9PageCalls4selfE)
    melody1                                  0x0800a958   Data           8  melody1.o(.rodata.melody1)
    melody10                                 0x0800a960   Data           8  melody10.o(.rodata.melody10)
    melody2                                  0x0800a968   Data           8  melody2.o(.rodata.melody2)
    melody3                                  0x0800a970   Data           8  melody3.o(.rodata.melody3)
    melody4                                  0x0800a978   Data           8  melody4.o(.rodata.melody4)
    melody5                                  0x0800a980   Data           8  melody5.o(.rodata.melody5)
    melody6                                  0x0800a988   Data           8  melody6.o(.rodata.melody6)
    melody7                                  0x0800a990   Data           8  melody7.o(.rodata.melody7)
    melody8                                  0x0800a998   Data           8  melody8.o(.rodata.melody8)
    melody9                                  0x0800a9a0   Data           8  melody9.o(.rodata.melody9)
    pageCalls                                0x0800a9a8   Data           8  pagecalls.o(.rodata.pageCalls)
    pageHistory                              0x0800a9b0   Data           8  pagehistory.o(.rodata.pageHistory)
    pageMain                                 0x0800a9b8   Data           8  pagemain.o(.rodata.pageMain)
    timeAlarm                                0x0800aa68   Data           8  pagemain.o(.rodata.timeAlarm)
    timeWatch                                0x0800aa70   Data           8  pagemain.o(.rodata.timeWatch)
    Region$$Table$$Base                      0x0800aa78   Number         0  anon$$obj.o(Region$$Table)
    Region$$Table$$Limit                     0x0800aa98   Number         0  anon$$obj.o(Region$$Table)
    __ctype                                  0x0800aac1   Data           0  lc_ctype_c.o(locale$$data)
    SHT$$INIT_ARRAY$$Base                    0x0800abc4   Number         0  menu.o(.init_array)
    SHT$$INIT_ARRAY$$Limit                   0x0800abd4   Number         0  init_aeabi.o(.init_array)
    Font::type                               0x20000000   Data           1  font.o(.data..L_MergedGlobals)
    SystemCoreClock                          0x20000068   Data           4  system_gd32e23x.o(.data.SystemCoreClock)
    Color::BLUE                              0x20000084   Data           1  colors.o(.data._ZN5Color4BLUEE)
    Color::BLACK                             0x20000085   Data           1  colors.o(.data._ZN5Color5BLACKE)
    Color::GREEN                             0x20000086   Data           1  colors.o(.data._ZN5Color5GREENE)
    Color::NUMBER                            0x20000087   Data           1  colors.o(.data._ZN5Color6NUMBERE)
    Color::colors                            0x20000088   Data          32  colors.o(.data._ZN5Color6colorsE)
    Color::current                           0x200000a8   Data           1  colors.o(.data._ZN5Color7currentE)
    gset                                     0x20000154   Data          32  settings.o(.data.gset)
    pinDOUT                                  0x20000174   Data          12  hal_pins.o(.data.pinDOUT)
    pinSOUND                                 0x20000180   Data          12  hal_pins.o(.data.pinSOUND)
    _random_number_data                      0x20000190   Data         228  rand.o(.bss)
    __libspace_start                         0x20000274   Data          96  libspace.o(.bss)
    __temporary_stack_top$libspace           0x200002d4   Data           0  libspace.o(.bss)
    Color::WHITE                             0x200003a4   Data           1  colors.o(.bss._ZN5Color5WHITEE)
    Source::time_recv                        0x200003dc   Data          20  settings.o(.bss._ZN6Source9time_recvE)
    DataTime::in_edit_mode                   0x20000a34   Data           1  menuitems.o(.bss._ZN8DataTime12in_edit_modeE)
    timer_counter                            0x20000a58   Data           4  timer.o(.bss.timer_counter)



==============================================================================

Memory Map of the image

  Image Entry point : 0x080000cd

  Load Region LR_IROM1 (Base: 0x08000000, Size: 0x0000ad68, Max: 0x00010000, ABSOLUTE, COMPRESSED[0x0000aca0])

    Execution Region ER_IROM1 (Exec base: 0x08000000, Load base: 0x08000000, Size: 0x0000abd4, Max: 0x00010000, ABSOLUTE)

    Exec Addr    Load Addr    Size         Type   Attr      Idx    E Section Name        Object

    0x08000000   0x08000000   0x000000cc   Data   RO         1174    RESET               startup_gd32e23x.o
    0x080000cc   0x080000cc   0x00000008   Code   RO         2013  * !!!main             c_p.l(__main.o)
    0x080000d4   0x080000d4   0x0000003c   Code   RO         2364    !!!scatter          c_p.l(__scatter.o)
    0x08000110   0x08000110   0x0000001c   Code   RO         2366    !!handler_zi        c_p.l(__scatter_zi.o)
    0x0800012c   0x0800012c   0x00000002   Code   RO         2103    .ARM.Collect$$_printf_percent$$00000000  c_p.l(_printf_percent.o)
    0x0800012e   0x0800012e   0x0000000a   Code   RO         2092    .ARM.Collect$$_printf_percent$$00000001  c_p.l(_printf_n.o)
    0x08000138   0x08000138   0x0000000a   Code   RO         2094    .ARM.Collect$$_printf_percent$$00000002  c_p.l(_printf_p.o)
    0x08000142   0x08000142   0x0000000a   Code   RO         2099    .ARM.Collect$$_printf_percent$$00000003  c_p.l(_printf_f.o)
    0x0800014c   0x0800014c   0x0000000a   Code   RO         2100    .ARM.Collect$$_printf_percent$$00000004  c_p.l(_printf_e.o)
    0x08000156   0x08000156   0x0000000a   Code   RO         2101    .ARM.Collect$$_printf_percent$$00000005  c_p.l(_printf_g.o)
    0x08000160   0x08000160   0x0000000a   Code   RO         2102    .ARM.Collect$$_printf_percent$$00000006  c_p.l(_printf_a.o)
    0x0800016a   0x0800016a   0x0000000a   Code   RO         2107    .ARM.Collect$$_printf_percent$$00000007  c_p.l(_printf_ll.o)
    0x08000174   0x08000174   0x0000000a   Code   RO         2096    .ARM.Collect$$_printf_percent$$00000008  c_p.l(_printf_i.o)
    0x0800017e   0x0800017e   0x0000000a   Code   RO         2097    .ARM.Collect$$_printf_percent$$00000009  c_p.l(_printf_d.o)
    0x08000188   0x08000188   0x0000000a   Code   RO         2098    .ARM.Collect$$_printf_percent$$0000000A  c_p.l(_printf_u.o)
    0x08000192   0x08000192   0x0000000a   Code   RO         2095    .ARM.Collect$$_printf_percent$$0000000B  c_p.l(_printf_o.o)
    0x0800019c   0x0800019c   0x0000000a   Code   RO         2093    .ARM.Collect$$_printf_percent$$0000000C  c_p.l(_printf_x.o)
    0x080001a6   0x080001a6   0x0000000a   Code   RO         2104    .ARM.Collect$$_printf_percent$$0000000D  c_p.l(_printf_lli.o)
    0x080001b0   0x080001b0   0x0000000a   Code   RO         2105    .ARM.Collect$$_printf_percent$$0000000E  c_p.l(_printf_lld.o)
    0x080001ba   0x080001ba   0x0000000a   Code   RO         2106    .ARM.Collect$$_printf_percent$$0000000F  c_p.l(_printf_llu.o)
    0x080001c4   0x080001c4   0x0000000a   Code   RO         2111    .ARM.Collect$$_printf_percent$$00000010  c_p.l(_printf_llo.o)
    0x080001ce   0x080001ce   0x0000000a   Code   RO         2112    .ARM.Collect$$_printf_percent$$00000011  c_p.l(_printf_llx.o)
    0x080001d8   0x080001d8   0x0000000a   Code   RO         2108    .ARM.Collect$$_printf_percent$$00000012  c_p.l(_printf_l.o)
    0x080001e2   0x080001e2   0x0000000a   Code   RO         2090    .ARM.Collect$$_printf_percent$$00000013  c_p.l(_printf_c.o)
    0x080001ec   0x080001ec   0x0000000a   Code   RO         2091    .ARM.Collect$$_printf_percent$$00000014  c_p.l(_printf_s.o)
    0x080001f6   0x080001f6   0x0000000a   Code   RO         2109    .ARM.Collect$$_printf_percent$$00000015  c_p.l(_printf_lc.o)
    0x08000200   0x08000200   0x0000000a   Code   RO         2110    .ARM.Collect$$_printf_percent$$00000016  c_p.l(_printf_ls.o)
    0x0800020a   0x0800020a   0x00000004   Code   RO         2204    .ARM.Collect$$_printf_percent$$00000017  c_p.l(_printf_percent_end.o)
    0x0800020e   0x0800020e   0x00000002   Code   RO         2257    .ARM.Collect$$libinit$$00000000  c_p.l(libinit.o)
    0x08000210   0x08000210   0x00000004   Code   RO         2113    .ARM.Collect$$libinit$$00000001  c_p.l(libinit2.o)
    0x08000214   0x08000214   0x00000000   Code   RO         2116    .ARM.Collect$$libinit$$00000004  c_p.l(libinit2.o)
    0x08000214   0x08000214   0x00000000   Code   RO         2118    .ARM.Collect$$libinit$$00000006  c_p.l(libinit2.o)
    0x08000214   0x08000214   0x00000000   Code   RO         2121    .ARM.Collect$$libinit$$0000000C  c_p.l(libinit2.o)
    0x08000214   0x08000214   0x00000000   Code   RO         2123    .ARM.Collect$$libinit$$0000000E  c_p.l(libinit2.o)
    0x08000214   0x08000214   0x00000004   Code   RO         2124    .ARM.Collect$$libinit$$0000000F  c_p.l(libinit2.o)
    0x08000218   0x08000218   0x00000000   Code   RO         2125    .ARM.Collect$$libinit$$00000010  c_p.l(libinit2.o)
    0x08000218   0x08000218   0x00000006   Code   RO         2126    .ARM.Collect$$libinit$$00000011  c_p.l(libinit2.o)
    0x0800021e   0x0800021e   0x00000000   Code   RO         2128    .ARM.Collect$$libinit$$00000013  c_p.l(libinit2.o)
    0x0800021e   0x0800021e   0x0000000c   Code   RO         2129    .ARM.Collect$$libinit$$00000014  c_p.l(libinit2.o)
    0x0800022a   0x0800022a   0x00000000   Code   RO         2130    .ARM.Collect$$libinit$$00000015  c_p.l(libinit2.o)
    0x0800022a   0x0800022a   0x00000000   Code   RO         2132    .ARM.Collect$$libinit$$00000017  c_p.l(libinit2.o)
    0x0800022a   0x0800022a   0x0000000a   Code   RO         2133    .ARM.Collect$$libinit$$00000018  c_p.l(libinit2.o)
    0x08000234   0x08000234   0x00000000   Code   RO         2134    .ARM.Collect$$libinit$$00000019  c_p.l(libinit2.o)
    0x08000234   0x08000234   0x00000000   Code   RO         2136    .ARM.Collect$$libinit$$0000001B  c_p.l(libinit2.o)
    0x08000234   0x08000234   0x00000000   Code   RO         2138    .ARM.Collect$$libinit$$0000001D  c_p.l(libinit2.o)
    0x08000234   0x08000234   0x00000000   Code   RO         2140    .ARM.Collect$$libinit$$0000001F  c_p.l(libinit2.o)
    0x08000234   0x08000234   0x00000000   Code   RO         2142    .ARM.Collect$$libinit$$00000021  c_p.l(libinit2.o)
    0x08000234   0x08000234   0x00000000   Code   RO         2144    .ARM.Collect$$libinit$$00000023  c_p.l(libinit2.o)
    0x08000234   0x08000234   0x00000000   Code   RO         2146    .ARM.Collect$$libinit$$00000025  c_p.l(libinit2.o)
    0x08000234   0x08000234   0x00000000   Code   RO         2148    .ARM.Collect$$libinit$$00000027  c_p.l(libinit2.o)
    0x08000234   0x08000234   0x00000000   Code   RO         2152    .ARM.Collect$$libinit$$0000002E  c_p.l(libinit2.o)
    0x08000234   0x08000234   0x00000000   Code   RO         2154    .ARM.Collect$$libinit$$00000030  c_p.l(libinit2.o)
    0x08000234   0x08000234   0x00000000   Code   RO         2156    .ARM.Collect$$libinit$$00000032  c_p.l(libinit2.o)
    0x08000234   0x08000234   0x00000004   Code   RO         2157    .ARM.Collect$$libinit$$00000033  c_p.l(libinit2.o)
    0x08000238   0x08000238   0x00000000   Code   RO         2158    .ARM.Collect$$libinit$$00000034  c_p.l(libinit2.o)
    0x08000238   0x08000238   0x00000002   Code   RO         2159    .ARM.Collect$$libinit$$00000035  c_p.l(libinit2.o)
    0x0800023a   0x0800023a   0x00000002   Code   RO         2322    .ARM.Collect$$libshutdown$$00000000  c_p.l(libshutdown.o)
    0x0800023c   0x0800023c   0x00000000   Code   RO         2332    .ARM.Collect$$libshutdown$$00000002  c_p.l(libshutdown2.o)
    0x0800023c   0x0800023c   0x00000000   Code   RO         2334    .ARM.Collect$$libshutdown$$00000004  c_p.l(libshutdown2.o)
    0x0800023c   0x0800023c   0x00000000   Code   RO         2337    .ARM.Collect$$libshutdown$$00000007  c_p.l(libshutdown2.o)
    0x0800023c   0x0800023c   0x00000000   Code   RO         2340    .ARM.Collect$$libshutdown$$0000000A  c_p.l(libshutdown2.o)
    0x0800023c   0x0800023c   0x00000000   Code   RO         2342    .ARM.Collect$$libshutdown$$0000000C  c_p.l(libshutdown2.o)
    0x0800023c   0x0800023c   0x00000000   Code   RO         2345    .ARM.Collect$$libshutdown$$0000000F  c_p.l(libshutdown2.o)
    0x0800023c   0x0800023c   0x00000002   Code   RO         2346    .ARM.Collect$$libshutdown$$00000010  c_p.l(libshutdown2.o)
    0x0800023e   0x0800023e   0x00000000   Code   RO         2021    .ARM.Collect$$rtentry$$00000000  c_p.l(__rtentry.o)
    0x0800023e   0x0800023e   0x00000000   Code   RO         2173    .ARM.Collect$$rtentry$$00000002  c_p.l(__rtentry2.o)
    0x0800023e   0x0800023e   0x00000006   Code   RO         2185    .ARM.Collect$$rtentry$$00000004  c_p.l(__rtentry4.o)
    0x08000244   0x08000244   0x00000000   Code   RO         2175    .ARM.Collect$$rtentry$$00000009  c_p.l(__rtentry2.o)
    0x08000244   0x08000244   0x00000004   Code   RO         2176    .ARM.Collect$$rtentry$$0000000A  c_p.l(__rtentry2.o)
    0x08000248   0x08000248   0x00000000   Code   RO         2178    .ARM.Collect$$rtentry$$0000000C  c_p.l(__rtentry2.o)
    0x08000248   0x08000248   0x00000008   Code   RO         2179    .ARM.Collect$$rtentry$$0000000D  c_p.l(__rtentry2.o)
    0x08000250   0x08000250   0x00000002   Code   RO         2271    .ARM.Collect$$rtexit$$00000000  c_p.l(rtexit.o)
    0x08000252   0x08000252   0x00000000   Code   RO         2294    .ARM.Collect$$rtexit$$00000002  c_p.l(rtexit2.o)
    0x08000252   0x08000252   0x00000004   Code   RO         2295    .ARM.Collect$$rtexit$$00000003  c_p.l(rtexit2.o)
    0x08000256   0x08000256   0x00000006   Code   RO         2296    .ARM.Collect$$rtexit$$00000004  c_p.l(rtexit2.o)
    0x0800025c   0x0800025c   0x00000038   Code   RO         1996    .emb_text           c_p.l(rand.o)
    0x08000294   0x08000294   0x00000038   Code   RO         2001    .emb_text           c_p.l(rt_memcpy.o)
    0x080002cc   0x080002cc   0x00000038   Code   RO         1175    .text               startup_gd32e23x.o
    0x08000304   0x08000304   0x00000022   Code   RO         1992    .text               c_p.l(llushr.o)
    0x08000326   0x08000326   0x00000002   PAD
    0x08000328   0x08000328   0x00000024   Code   RO         1994    .text               c_p.l(vsprintf.o)
    0x0800034c   0x0800034c   0x0000003c   Code   RO         1997    .text               c_p.l(rand.o)
    0x08000388   0x08000388   0x00000082   Code   RO         2002    .text               c_p.l(rt_memcpy.o)
    0x0800040a   0x0800040a   0x00000096   Code   RO         2005    .text               c_p.l(rt_memmove.o)
    0x080004a0   0x080004a0   0x00000012   Code   RO         2007    .text               c_p.l(aeabi_memset4.o)
    0x080004b2   0x080004b2   0x00000040   Code   RO         2009    .text               c_p.l(rt_memclr.o)
    0x080004f2   0x080004f2   0x00000006   Code   RO         2011    .text               c_p.l(heapauxi.o)
    0x080004f8   0x080004f8   0x00000024   Code   RO         2018    .text               c_p.l(init_aeabi.o)
    0x0800051c   0x0800051c   0x0000004e   Code   RO         2024    .text               c_p.l(_printf_pad.o)
    0x0800056a   0x0800056a   0x00000024   Code   RO         2026    .text               c_p.l(_printf_truncate.o)
    0x0800058e   0x0800058e   0x00000052   Code   RO         2028    .text               c_p.l(_printf_str.o)
    0x080005e0   0x080005e0   0x0000006c   Code   RO         2030    .text               c_p.l(_printf_dec.o)
    0x0800064c   0x0800064c   0x00000026   Code   RO         2032    .text               c_p.l(_printf_charcount.o)
    0x08000672   0x08000672   0x00000002   PAD
    0x08000674   0x08000674   0x00000030   Code   RO         2034    .text               c_p.l(_printf_char_common.o)
    0x080006a4   0x080006a4   0x0000000a   Code   RO         2036    .text               c_p.l(_sputc.o)
    0x080006ae   0x080006ae   0x00000002   PAD
    0x080006b0   0x080006b0   0x000000bc   Code   RO         2038    .text               c_p.l(_printf_wctomb.o)
    0x0800076c   0x0800076c   0x00000070   Code   RO         2041    .text               c_p.l(_printf_longlong_dec.o)
    0x080007dc   0x080007dc   0x00000070   Code   RO         2047    .text               c_p.l(_printf_oct_int_ll.o)
    0x0800084c   0x0800084c   0x00000098   Code   RO         2067    .text               c_p.l(_printf_hex_int_ll_ptr.o)
    0x080008e4   0x080008e4   0x00000188   Code   RO         2087    .text               c_p.l(__printf_flags_ss_wp.o)
    0x08000a6c   0x08000a6c   0x0000007a   Code   RO         2187    .text               c_p.l(lludiv10.o)
    0x08000ae6   0x08000ae6   0x000000b0   Code   RO         2189    .text               c_p.l(_printf_intcommon.o)
    0x08000b96   0x08000b96   0x00000002   PAD
    0x08000b98   0x08000b98   0x00000414   Code   RO         2191    .text               c_p.l(_printf_fp_dec.o)
    0x08000fac   0x08000fac   0x000002d8   Code   RO         2195    .text               c_p.l(_printf_fp_hex.o)
    0x08001284   0x08001284   0x0000002e   Code   RO         2200    .text               c_p.l(_printf_char.o)
    0x080012b2   0x080012b2   0x0000002e   Code   RO         2202    .text               c_p.l(_printf_wchar.o)
    0x080012e0   0x080012e0   0x00000042   Code   RO         2205    .text               c_p.l(_c16rtomb.o)
    0x08001322   0x08001322   0x00000028   Code   RO         2207    .text               c_p.l(rtudiv10.o)
    0x0800134a   0x0800134a   0x0000000c   Code   RO         2211    .text               f_ps.l(fpinit.o)
    0x08001356   0x08001356   0x0000003e   Code   RO         2213    .text               c_p.l(sys_stackheap_outer.o)
    0x08001394   0x08001394   0x00000010   Code   RO         2216    .text               c_p.l(rt_ctype_table.o)
    0x080013a4   0x080013a4   0x00000008   Code   RO         2221    .text               c_p.l(rt_fp_status_addr_intlibspace.o)
    0x080013ac   0x080013ac   0x00000008   Code   RO         2226    .text               c_p.l(rt_locale_intlibspace.o)
    0x080013b4   0x080013b4   0x00000088   Code   RO         2228    .text               c_p.l(_printf_fp_infnan.o)
    0x0800143c   0x0800143c   0x000000d8   Code   RO         2230    .text               c_p.l(bigflt0.o)
    0x08001514   0x08001514   0x00000580   Code   RO         2233    .text               c_p.l(btod.o)
    0x08001a94   0x08001a94   0x00000010   Code   RO         2242    .text               c_p.l(exit.o)
    0x08001aa4   0x08001aa4   0x0000016c   Code   RO         2244    .text               c_p.l(aeabi_sdiv.o)
    0x08001c10   0x08001c10   0x00000024   Code   RO         2258    .text               f_ps.l(ieee_status.o)
    0x08001c34   0x08001c34   0x00000008   Code   RO         2267    .text               c_p.l(libspace.o)
    0x08001c3c   0x08001c3c   0x00000088   Code   RO         2288    .text               c_p.l(strcmp.o)
    0x08001cc4   0x08001cc4   0x00000002   Code   RO         2290    .text               c_p.l(use_no_semi.o)
    0x08001cc6   0x08001cc6   0x00000000   Code   RO         2292    .text               c_p.l(indicate_semi.o)
    0x08001cc6   0x08001cc6   0x00000002   PAD
    0x08001cc8   0x08001cc8   0x0000000c   Code   RO         2308    .text               c_p.l(sys_exit.o)
    0x08001cd4   0x08001cd4   0x00000056   Code   RO         2362    .text               c_p.l(__dczerorl2.o)
    0x08001d2a   0x08001d2a   0x00000000   Code   RO         1256    .text.HardFault_Handler  gd32e23x_it.o
    0x08001d2a   0x08001d2a   0x00000002   Code   RO         1254    .text.NMI_Handler   gd32e23x_it.o
    0x08001d2c   0x08001d2c   0x00000002   Code   RO         1260    .text.PendSV_Handler  gd32e23x_it.o
    0x08001d2e   0x08001d2e   0x00000002   Code   RO         1258    .text.SVC_Handler   gd32e23x_it.o
    0x08001d30   0x08001d30   0x00000018   Code   RO         1262    .text.SysTick_Handler  gd32e23x_it.o
    0x08001d48   0x08001d48   0x0000012c   Code   RO         1182    .text.SystemInit    system_gd32e23x.o
    0x08001e74   0x08001e74   0x00000024   Code   RO         1264    .text.TIMER2_IRQHandler  gd32e23x_it.o
    0x08001e98   0x08001e98   0x0000000c   Code   RO         1405    .text._GLOBAL__sub_I_Menu.cpp  menu.o
    0x08001ea4   0x08001ea4   0x0000002c   Code   RO         1532    .text._GLOBAL__sub_I_PageCalls.cpp  pagecalls.o
    0x08001ed0   0x08001ed0   0x0000002c   Code   RO         1472    .text._GLOBAL__sub_I_PageHistory.cpp  pagehistory.o
    0x08001efc   0x08001efc   0x00000034   Code   RO         1488    .text._GLOBAL__sub_I_PageMain.cpp  pagemain.o
    0x08001f30   0x08001f30   0x0000004a   Code   RO         1773    .text._ZL25WriteBitToControlRegisterhhb  pcf8563.o
    0x08001f7a   0x08001f7a   0x00000002   PAD
    0x08001f7c   0x08001f7c   0x00000008   Code   RO         1151    .text._ZN11TimeMeterMS5ResetEv  timer.o
    0x08001f84   0x08001f84   0x0000000c   Code   RO         1976    .text._ZN3FPS10BeginFrameEv  fps.o
    0x08001f90   0x08001f90   0x00000040   Code   RO         1980    .text._ZN3FPS13DrawTimeFrameEii  fps.o
    0x08001fd0   0x08001fd0   0x00000018   Code   RO         1978    .text._ZN3FPS8EndFrameEv  fps.o
    0x08001fe8   0x08001fe8   0x0000008c   Code   RO         1228    .text._ZN3HAL4InitEv  hal.o
    0x08002074   0x08002074   0x00000008   Code   RO         1346    .text._ZN4Font7GetSizeEv  font.o
    0x0800207c   0x0800207c   0x00000008   Code   RO         1344    .text._ZN4Font7SetSizeEi  font.o
    0x08002084   0x08002084   0x0000001c   Code   RO         1348    .text._ZN4Font7SetTypeEN8TypeFont1EE  font.o
    0x080020a0   0x080020a0   0x00000028   Code   RO         1352    .text._ZN4Font9GetHeightEv  font.o
    0x080020c8   0x080020c8   0x00000008   Code   RO         1395    .text._ZN4Menu14SetCurrentItemEPK4Item  menu.o
    0x080020d0   0x080020d0   0x00000008   Code   RO         1399    .text._ZN4Menu4DrawEv  menu.o
    0x080020d8   0x080020d8   0x00000002   Code   RO         1393    .text._ZN4Menu4InitEv  menu.o
    0x080020da   0x080020da   0x00000002   PAD
    0x080020dc   0x080020dc   0x00000008   Code   RO         1403    .text._ZN4Menu5CloseEv  menu.o
    0x080020e4   0x080020e4   0x00000030   Code   RO         1397    .text._ZN4Menu6UpdateEv  menu.o
    0x08002114   0x08002114   0x0000000c   Code   RO         1401    .text._ZN4Menu7IsShownEv  menu.o
    0x08002120   0x08002120   0x0000001c   Code   RO         1321    .text._ZN4TextILi64EEC2EPKcz  display.o
    0x0800213c   0x0800213c   0x0000000c   Code   RO         1199    .text._ZN5PinIn4InitEv  hal_pins.o
    0x08002148   0x08002148   0x00000004   Code   RO         1149    .text._ZN5Timer5DelayEj  timer.o
    0x0800214c   0x0800214c   0x0000001e   Code   RO         1164    .text._ZN5Watch4DrawEiiRK5Color  watch.o
    0x0800216a   0x0800216a   0x00000002   PAD
    0x0800216c   0x0800216c   0x0000000c   Code   RO         1837    .text._ZN6Beeper4InitEv  beeper.o
    0x08002178   0x08002178   0x0000002a   Code   RO         1138    .text._ZN6Device4InitEv  device.o
    0x080021a2   0x080021a2   0x00000014   Code   RO         1140    .text._ZN6Device6UpdateEv  device.o
    0x080021b6   0x080021b6   0x00000024   Code   RO         1197    .text._ZN6PinOut4InitEv  hal_pins.o
    0x080021da   0x080021da   0x00000002   PAD
    0x080021dc   0x080021dc   0x00000048   Code   RO         1852    .text._ZN6Player11StartMelodyEPK6Melodyt  player.o
    0x08002224   0x08002224   0x00000004   Code   RO         1848    .text._ZN6Player4InitEv  player.o
    0x08002228   0x08002228   0x00000038   Code   RO         1850    .text._ZN6Player4PlayEN10TypeMelody1EE  player.o
    0x08002260   0x08002260   0x00000028   Code   RO         1858    .text._ZN6PlayerL11StartStreamEPNS_21CompressedStreamStateEh  player.o
    0x08002288   0x08002288   0x0000002e   Code   RO         1866    .text._ZN6PlayerL8ReadBitsEPNS_21CompressedStreamStateEht  player.o
    0x080022b6   0x080022b6   0x00000002   PAD
    0x080022b8   0x080022b8   0x00000074   Code   RO         1824    .text._ZN6ST773511WriteBufferEi  st7735.o
    0x0800232c   0x0800232c   0x000001ec   Code   RO         1812    .text._ZN6ST77354InitEv  st7735.o
    0x08002518   0x08002518   0x0000001c   Code   RO         1822    .text._ZN6ST7735L10SendData16Et  st7735.o
    0x08002534   0x08002534   0x00000018   Code   RO         1816    .text._ZN6ST7735L14Write_Cmd_DataEh  st7735.o
    0x0800254c   0x0800254c   0x00000030   Code   RO         1826    .text._ZN6ST7735L8SendByteEh  st7735.o
    0x0800257c   0x0800257c   0x0000001c   Code   RO         1814    .text._ZN6ST7735L9Write_CmdEh  st7735.o
    0x08002598   0x08002598   0x0000001c   Code   RO         1963    .text._ZN6Source10IsReceivedENS_1EE  settings.o
    0x080025b4   0x080025b4   0x00000030   Code   RO         1961    .text._ZN6Source7ReceiveENS_1EE  settings.o
    0x080025e4   0x080025e4   0x00000012   Code   RO         1290    .text._ZN7Display4InitEv  display.o
    0x080025f6   0x080025f6   0x00000002   PAD
    0x080025f8   0x080025f8   0x0000000c   Code   RO         1288    .text._ZN7Display6Buffer7GetLineEi  display.o
    0x08002604   0x08002604   0x00000044   Code   RO         1292    .text._ZN7Display6UpdateEv  display.o
    0x08002648   0x08002648   0x00000008   Code   RO         1298    .text._ZN7Display8EndSceneEi  display.o
    0x08002650   0x08002650   0x00000058   Code   RO         1296    .text._ZN7Display9DrawSceneEi  display.o
    0x080026a8   0x080026a8   0x00000094   Code   RO         1236    .text._ZN7HAL_I2C4InitEv  hal_i2c.o
    0x0800273c   0x0800273c   0x00000138   Code   RO         1244    .text._ZN7HAL_I2C4ReadEhPht  hal_i2c.o
    0x08002874   0x08002874   0x000000c0   Code   RO         1238    .text._ZN7HAL_I2C5WriteEhPhi  hal_i2c.o
    0x08002934   0x08002934   0x0000002c   Code   RO         1242    .text._ZN7HAL_I2CL10WaitFlagNoE13i2c_flag_enum  hal_i2c.o
    0x08002960   0x08002960   0x00000034   Code   RO         1240    .text._ZN7HAL_I2CL11WaitFlagYesE13i2c_flag_enum  hal_i2c.o
    0x08002994   0x08002994   0x0000000a   Code   RO         1775    .text._ZN7PCF856310STOPEnableEb  pcf8563.o
    0x0800299e   0x0800299e   0x00000002   PAD
    0x080029a0   0x080029a0   0x00000008   Code   RO         1795    .text._ZN7PCF856311GetDateTimeEP11RTCDateTime  pcf8563.o
    0x080029a8   0x080029a8   0x00000126   Code   RO         1793    .text._ZN7PCF856311SetDateTimeEP11RTCDateTime  pcf8563.o
    0x08002ace   0x08002ace   0x0000003c   Code   RO         1791    .text._ZN7PCF856315ClkoutFrequencyEN11CLKOUT_Freq1EE  pcf8563.o
    0x08002b0a   0x08002b0a   0x00000014   Code   RO         1797    .text._ZN7PCF85634InitEv  pcf8563.o
    0x08002b1e   0x08002b1e   0x00000002   PAD
    0x08002b20   0x08002b20   0x0000006c   Code   RO         1801    .text._ZN7PCF85636UpdateEv  pcf8563.o
    0x08002b8c   0x08002b8c   0x00000002   Code   RO         1799    .text._ZN7PCF85638SetAlarmEP11RTCDateTime  pcf8563.o
    0x08002b8e   0x08002b8e   0x00000002   PAD
    0x08002b90   0x08002b90   0x00000048   Code   RO         1789    .text._ZN7PCF85638SetTimerEj  pcf8563.o
    0x08002bd8   0x08002bd8   0x00000034   Code   RO         1376    .text._ZN8Keyboard13GetNextActionER6Action  keyboard.o
    0x08002c0c   0x08002c0c   0x0000002c   Code   RO         1370    .text._ZN8Keyboard4InitEv  keyboard.o
    0x08002c38   0x08002c38   0x0000000c   Code   RO         1388    .text._ZN8Keyboard6Button4InitEv  keyboard.o
    0x08002c44   0x08002c44   0x00000010   Code   RO         1390    .text._ZN8Keyboard6Button6IsDownEv  keyboard.o
    0x08002c54   0x08002c54   0x00000060   Code   RO         1372    .text._ZN8Keyboard6UpdateEv  keyboard.o
    0x08002cb4   0x08002cb4   0x0000016c   Code   RO         1743    .text._ZN9CMT2210AW13CallbackOnBitEv  cmt2210aw.o
    0x08002e20   0x08002e20   0x0000000c   Code   RO         1741    .text._ZN9CMT2210AW4InitEv  cmt2210aw.o
    0x08002e2c   0x08002e2c   0x00000028   Code   RO         1745    .text._ZN9CMT2210AWL7GetBitsEy  cmt2210aw.o
    0x08002e54   0x08002e54   0x00000006   Code   RO         1524    .text._ZN9PageCalls10PageMobileL13OnDraw_MobileEv  pagecalls.o
    0x08002e5a   0x08002e5a   0x00000006   Code   RO         1520    .text._ZN9PageCalls12PageDoorBellL15OnDraw_DoorBellEv  pagecalls.o
    0x08002e60   0x08002e60   0x00000006   Code   RO         1528    .text._ZN9PageCalls12PageIntercomL15OnDraw_IntercomEv  pagecalls.o
    0x08002e66   0x08002e66   0x00000006   Code   RO         1526    .text._ZN9PageCalls13PageHomePhoneL16OnDraw_HomePhoneEv  pagecalls.o
    0x08002e6c   0x08002e6c   0x00000006   Code   RO         1530    .text._ZN9PageCalls15PageSoundSensorL18OnDraw_SoundSensorEv  pagecalls.o
    0x08002e72   0x08002e72   0x00000002   PAD
    0x08002e74   0x08002e74   0x00000138   Code   RO         1522    .text._ZN9PageCallsL14DrawParametersEN6Source1EE  pagecalls.o
    0x08002fac   0x08002fac   0x00000074   Code   RO         1310    .text._ZNK11RTCDateTime4DrawEiiRK5Color  display.o
    0x08003020   0x08003020   0x00000010   Code   RO         1153    .text._ZNK11TimeMeterMS11ElapsedTimeEv  timer.o
    0x08003030   0x08003030   0x00000114   Code   RO         1356    .text._ZNK4Char5WriteEiiRK5Color  font.o
    0x08003144   0x08003144   0x00000022   Code   RO         1436    .text._ZNK4Item11ApplyActionERK6Action  menuitems.o
    0x08003166   0x08003166   0x00000022   Code   RO         1416    .text._ZNK4Item4DrawEv  menuitems.o
    0x08003188   0x08003188   0x0000003c   Code   RO         1448    .text._ZNK4Item4OpenEv  menuitems.o
    0x080031c4   0x080031c4   0x00000016   Code   RO         1450    .text._ZNK4Item5CloseEv  menuitems.o
    0x080031da   0x080031da   0x00000002   PAD
    0x080031dc   0x080031dc   0x00000044   Code   RO         1428    .text._ZNK4Item5TitleEv  menuitems.o
    0x08003220   0x08003220   0x00000080   Code   RO         1438    .text._ZNK4Page11ApplyActionERK6Action  menuitems.o
    0x080032a0   0x080032a0   0x0000001a   Code   RO         1446    .text._ZNK4Page15NextCurrentItemEv  menuitems.o
    0x080032ba   0x080032ba   0x0000001a   Code   RO         1444    .text._ZNK4Page15PrevCurrentItemEv  menuitems.o
    0x080032d4   0x080032d4   0x00000050   Code   RO         1418    .text._ZNK4Page4DrawEv  menuitems.o
    0x08003324   0x08003324   0x00000014   Code   RO         1432    .text._ZNK4Page8NumItemsEv  menuitems.o
    0x08003338   0x08003338   0x00000058   Code   RO         1304    .text._ZNK4Rect4DrawEiiRK5Color  display.o
    0x08003390   0x08003390   0x00000034   Code   RO         1300    .text._ZNK4Rect4FillEiiRK5Color  display.o
    0x080033c4   0x080033c4   0x00000034   Code   RO         1323    .text._ZNK4TextILi64EE5WriteEiiRK5Color  display.o
    0x080033f8   0x080033f8   0x000000cc   Code   RO         1440    .text._ZNK4Time11ApplyActionERK6Action  menuitems.o
    0x080034c4   0x080034c4   0x00000088   Code   RO         1454    .text._ZNK4Time18ChangeCurrentFieldEi  menuitems.o
    0x0800354c   0x0800354c   0x000001bc   Code   RO         1420    .text._ZNK4Time4DrawEv  menuitems.o
    0x08003708   0x08003708   0x00000080   Code   RO         1430    .text._ZNK4Time9DrawFieldEiiiiRK4TextILi64EEb  menuitems.o
    0x08003788   0x08003788   0x0000000c   Code   RO         1326    .text._ZNK5Color12SetAsCurrentEv  colors.o
    0x08003794   0x08003794   0x0000002c   Code   RO         1302    .text._ZNK5HLine4DrawEiiRK5Color  display.o
    0x080037c0   0x080037c0   0x00000012   Code   RO         1201    .text._ZNK5PinIn4IsHiEv  hal_pins.o
    0x080037d2   0x080037d2   0x00000002   PAD
    0x080037d4   0x080037d4   0x00000044   Code   RO         1308    .text._ZNK5Pixel3SetEiiRK5Color  display.o
    0x08003818   0x08003818   0x0000002c   Code   RO         1306    .text._ZNK5VLine4DrawEiiRK5Color  display.o
    0x08003844   0x08003844   0x00000014   Code   RO         1452    .text._ZNK6Choice10NumChoicesEv  menuitems.o
    0x08003858   0x08003858   0x0000001e   Code   RO         1442    .text._ZNK6Choice11ApplyActionERK6Action  menuitems.o
    0x08003876   0x08003876   0x00000002   PAD
    0x08003878   0x08003878   0x00000054   Code   RO         1422    .text._ZNK6Choice4DrawEv  menuitems.o
    0x080038cc   0x080038cc   0x0000000a   Code   RO         1205    .text._ZNK6PinOut4ToHiEv  hal_pins.o
    0x080038d6   0x080038d6   0x0000000a   Code   RO         1203    .text._ZNK6PinOut5ToLowEv  hal_pins.o
    0x080038e0   0x080038e0   0x00000080   Code   RO         1959    .text._ZNK6Source4DrawEiiRK5Color  settings.o
    0x08003960   0x08003960   0x0000000c   Code   RO         1275    .text.delay_1ms     systick.o
    0x0800396c   0x0800396c   0x00000014   Code   RO         1277    .text.delay_decrement  systick.o
    0x08003980   0x08003980   0x00000056   Code   RO          368    .text.gpio_af_set   gd32e23x_gpio.o
    0x080039d6   0x080039d6   0x00000004   Code   RO          354    .text.gpio_bit_reset  gd32e23x_gpio.o
    0x080039da   0x080039da   0x00000004   Code   RO          352    .text.gpio_bit_set  gd32e23x_gpio.o
    0x080039de   0x080039de   0x0000000a   Code   RO          360    .text.gpio_input_bit_get  gd32e23x_gpio.o
    0x080039e8   0x080039e8   0x0000003e   Code   RO          348    .text.gpio_mode_set  gd32e23x_gpio.o
    0x08003a26   0x08003a26   0x00000040   Code   RO          350    .text.gpio_output_options_set  gd32e23x_gpio.o
    0x08003a66   0x08003a66   0x0000000e   Code   RO          392    .text.i2c_ack_config  gd32e23x_i2c.o
    0x08003a74   0x08003a74   0x00000120   Code   RO          386    .text.i2c_clock_config  gd32e23x_i2c.o
    0x08003b94   0x08003b94   0x00000006   Code   RO          412    .text.i2c_data_receive  gd32e23x_i2c.o
    0x08003b9a   0x08003b9a   0x00000004   Code   RO          410    .text.i2c_data_transmit  gd32e23x_i2c.o
    0x08003b9e   0x08003b9e   0x0000000a   Code   RO          402    .text.i2c_enable    gd32e23x_i2c.o
    0x08003ba8   0x08003ba8   0x00000024   Code   RO          444    .text.i2c_flag_clear  gd32e23x_i2c.o
    0x08003bcc   0x08003bcc   0x00000010   Code   RO          442    .text.i2c_flag_get  gd32e23x_i2c.o
    0x08003bdc   0x08003bdc   0x00000014   Code   RO          396    .text.i2c_master_addressing  gd32e23x_i2c.o
    0x08003bf0   0x08003bf0   0x0000001c   Code   RO          388    .text.i2c_mode_addr_config  gd32e23x_i2c.o
    0x08003c0c   0x08003c0c   0x0000000c   Code   RO          406    .text.i2c_start_on_bus  gd32e23x_i2c.o
    0x08003c18   0x08003c18   0x0000000c   Code   RO          408    .text.i2c_stop_on_bus  gd32e23x_i2c.o
    0x08003c24   0x08003c24   0x0000000a   Code   RO         1129    .text.main          main.o
    0x08003c2e   0x08003c2e   0x00000002   PAD
    0x08003c30   0x08003c30   0x0000005c   Code   RO          462    .text.nvic_irq_enable  gd32e23x_misc.o
    0x08003c8c   0x08003c8c   0x00000018   Code   RO          470    .text.nvic_vector_table_set  gd32e23x_misc.o
    0x08003ca4   0x08003ca4   0x00000160   Code   RO          586    .text.rcu_clock_freq_get  gd32e23x_rcu.o
    0x08003e04   0x08003e04   0x00000014   Code   RO          522    .text.rcu_periph_clock_enable  gd32e23x_rcu.o
    0x08003e18   0x08003e18   0x00000014   Code   RO          532    .text.rcu_periph_reset_disable  gd32e23x_rcu.o
    0x08003e2c   0x08003e2c   0x00000018   Code   RO          530    .text.rcu_periph_reset_enable  gd32e23x_rcu.o
    0x08003e44   0x08003e44   0x00000044   Code   RO         1273    .text.systick_config  systick.o
    0x08003e88   0x08003e88   0x00000060   Code   RO          803    .text.timer_deinit  gd32e23x_timer.o
    0x08003ee8   0x08003ee8   0x0000000a   Code   RO          809    .text.timer_enable  gd32e23x_timer.o
    0x08003ef2   0x08003ef2   0x00000002   PAD
    0x08003ef4   0x08003ef4   0x000000b8   Code   RO          807    .text.timer_init    gd32e23x_timer.o
    0x08003fac   0x08003fac   0x00000008   Code   RO          845    .text.timer_interrupt_enable  gd32e23x_timer.o
    0x08003fb4   0x08003fb4   0x00000006   Code   RO          851    .text.timer_interrupt_flag_clear  gd32e23x_timer.o
    0x08003fba   0x08003fba   0x00000014   Code   RO          849    .text.timer_interrupt_flag_get  gd32e23x_timer.o
    0x08003fce   0x08003fce   0x00000002   PAD
    0x08003fd0   0x08003fd0   0x00000014   Code   RO          805    .text.timer_struct_para_init  gd32e23x_timer.o
    0x08003fe4   0x08003fe4   0x00000030   Code   RO         2235    i.__ARM_common_ll_muluu  c_p.l(btod.o)
    0x08004014   0x08004014   0x0000002c   Code   RO         2261    i.__ARM_fpclassify  m_ps.l(fpclassify.o)
    0x08004040   0x08004040   0x0000000e   Code   RO         2080    i._is_digit         c_p.l(__printf_wp.o)
    0x0800404e   0x0800404e   0x00000002   PAD
    0x08004050   0x08004050   0x0000002c   Code   RO         2240    locale$$code        c_p.l(lc_numeric_c.o)
    0x0800407c   0x0800407c   0x0000002c   Code   RO         2282    locale$$code        c_p.l(lc_ctype_c.o)
    0x080040a8   0x080040a8   0x00000010   Code   RO         2164    x$fpl$printf1       f_ps.l(printf1.o)
    0x080040b8   0x080040b8   0x00000010   Code   RO         2166    x$fpl$printf2       f_ps.l(printf2.o)
    0x080040c8   0x080040c8   0x00000000   Code   RO         2260    x$fpl$usenofp       f_ps.l(usenofp.o)
    0x080040c8   0x080040c8   0x00000008   Data   RO         2039    .constdata          c_p.l(_printf_wctomb.o)
    0x080040d0   0x080040d0   0x00000028   Data   RO         2068    .constdata          c_p.l(_printf_hex_int_ll_ptr.o)
    0x080040f8   0x080040f8   0x00000011   Data   RO         2088    .constdata          c_p.l(__printf_flags_ss_wp.o)
    0x08004109   0x08004109   0x00000026   Data   RO         2196    .constdata          c_p.l(_printf_fp_hex.o)
    0x0800412f   0x0800412f   0x00000001   PAD
    0x08004130   0x08004130   0x00000094   Data   RO         2231    .constdata          c_p.l(bigflt0.o)
    0x080041c4   0x080041c4   0x00000004   Data   RO         1207    .rodata.I2C_ADDR    hal_pins.o
    0x080041c8   0x080041c8   0x00000010   Data   RO         1496    .rodata._ZL10dipageMain  pagemain.o
    0x080041d8   0x080041d8   0x00000010   Data   RO         1510    .rodata._ZL10dppageMain  pagemain.o
    0x080041e8   0x080041e8   0x00000010   Data   RO         1728    .rodata._ZL11dppageCalls  pagecalls.o
    0x080041f8   0x080041f8   0x00000004   Data   RO         1497    .rodata._ZL12pagepageMain  pagemain.o
    0x080041fc   0x080041fc   0x00000010   Data   RO         1477    .rodata._ZL13dppageHistory  pagehistory.o
    0x0800420c   0x0800420c   0x00000004   Data   RO         1629    .rodata._ZL13pagepageCalls  pagecalls.o
    0x08004210   0x08004210   0x00000010   Data   RO         1493    .rodata._ZL13timeAlarmdata  pagemain.o
    0x08004220   0x08004220   0x00000004   Data   RO         1494    .rodata._ZL13timeAlarmtime  pagemain.o
    0x08004224   0x08004224   0x00000010   Data   RO         1490    .rodata._ZL13timeWatchdata  pagemain.o
    0x08004234   0x08004234   0x00000004   Data   RO         1491    .rodata._ZL13timeWatchtime  pagemain.o
    0x08004238   0x08004238   0x00000004   Data   RO         1474    .rodata._ZL15pagepageHistory  pagehistory.o
    0x0800423c   0x0800423c   0x000003bc   Data   RO         1879    .rodata._ZL16s_melody_stream1  melody1.o
    0x080045f8   0x080045f8   0x00000275   Data   RO         1880    .rodata._ZL16s_melody_stream2  melody1.o
    0x0800486d   0x0800486d   0x00000479   Data   RO         1887    .rodata._ZL17s_melody2_stream1  melody2.o
    0x08004ce6   0x08004ce6   0x000001b1   Data   RO         1888    .rodata._ZL17s_melody2_stream2  melody2.o
    0x08004e97   0x08004e97   0x00000527   Data   RO         1895    .rodata._ZL17s_melody3_stream1  melody3.o
    0x080053be   0x080053be   0x00000251   Data   RO         1896    .rodata._ZL17s_melody3_stream2  melody3.o
    0x0800560f   0x0800560f   0x000003bc   Data   RO         1903    .rodata._ZL17s_melody4_stream1  melody4.o
    0x080059cb   0x080059cb   0x00000275   Data   RO         1904    .rodata._ZL17s_melody4_stream2  melody4.o
    0x08005c40   0x08005c40   0x00000479   Data   RO         1911    .rodata._ZL17s_melody5_stream1  melody5.o
    0x080060b9   0x080060b9   0x000001b1   Data   RO         1912    .rodata._ZL17s_melody5_stream2  melody5.o
    0x0800626a   0x0800626a   0x00000527   Data   RO         1919    .rodata._ZL17s_melody6_stream1  melody6.o
    0x08006791   0x08006791   0x00000251   Data   RO         1920    .rodata._ZL17s_melody6_stream2  melody6.o
    0x080069e2   0x080069e2   0x000003bc   Data   RO         1927    .rodata._ZL17s_melody7_stream1  melody7.o
    0x08006d9e   0x08006d9e   0x00000275   Data   RO         1928    .rodata._ZL17s_melody7_stream2  melody7.o
    0x08007013   0x08007013   0x00000479   Data   RO         1935    .rodata._ZL17s_melody8_stream1  melody8.o
    0x0800748c   0x0800748c   0x000001b1   Data   RO         1936    .rodata._ZL17s_melody8_stream2  melody8.o
    0x0800763d   0x0800763d   0x00000527   Data   RO         1943    .rodata._ZL17s_melody9_stream1  melody9.o
    0x08007b64   0x08007b64   0x00000251   Data   RO         1944    .rodata._ZL17s_melody9_stream2  melody9.o
    0x08007db5   0x08007db5   0x00000003   PAD
    0x08007db8   0x08007db8   0x00000010   Data   RO         1506    .rodata._ZL17timeAlarmdatatime  pagemain.o
    0x08007dc8   0x08007dc8   0x00000010   Data   RO         1502    .rodata._ZL17timeWatchdatatime  pagemain.o
    0x08007dd8   0x08007dd8   0x00000479   Data   RO         1951    .rodata._ZL18s_melody10_stream1  melody10.o
    0x08008251   0x08008251   0x000001b1   Data   RO         1952    .rodata._ZL18s_melody10_stream2  melody10.o
    0x08008402   0x08008402   0x00000002   PAD
    0x08008404   0x08008404   0x00000904   Data   RO         1358    .rodata._ZL5font5   font.o
    0x08008d08   0x08008d08   0x00000904   Data   RO         1359    .rodata._ZL5font8   font.o
    0x0800960c   0x0800960c   0x0000076c   Data   RO         1360    .rodata._ZL8Font10x7  font.o
    0x08009d78   0x08009d78   0x00000004   Data   RO         1476    .rodata._ZN11PageHistory4selfE  pagehistory.o
    0x08009d7c   0x08009d7c   0x00000004   Data   RO         1499    .rodata._ZN8PageMain4selfE  pagemain.o
    0x08009d80   0x08009d80   0x00000008   Data   RO         1570    .rodata._ZN9PageCalls10PageMobile10pageMobileE  pagecalls.o
    0x08009d88   0x08009d88   0x00000008   Data   RO         1555    .rodata._ZN9PageCalls10PageMobile12choiceMelodyE  pagecalls.o
    0x08009d90   0x08009d90   0x00000008   Data   RO         1558    .rodata._ZN9PageCalls10PageMobile12choiceVolumeE  pagecalls.o
    0x08009d98   0x08009d98   0x00000008   Data   RO         1561    .rodata._ZN9PageCalls10PageMobile15choiceEnableLEDE  pagecalls.o
    0x08009da0   0x08009da0   0x00000008   Data   RO         1564    .rodata._ZN9PageCalls10PageMobile18choiceEnableMelodyE  pagecalls.o
    0x08009da8   0x08009da8   0x00000008   Data   RO         1567    .rodata._ZN9PageCalls10PageMobile18choiceEnabledVibroE  pagecalls.o
    0x08009db0   0x08009db0   0x00000010   Data   RO         1568    .rodata._ZN9PageCalls10PageMobileL12dipageMobileE  pagecalls.o
    0x08009dc0   0x08009dc0   0x00000010   Data   RO         1668    .rodata._ZN9PageCalls10PageMobileL12dppageMobileE  pagecalls.o
    0x08009dd0   0x08009dd0   0x0000000c   Data   RO         1653    .rodata._ZN9PageCalls10PageMobileL14dcchoiceMelodyE  pagecalls.o
    0x08009ddc   0x08009ddc   0x0000000c   Data   RO         1656    .rodata._ZN9PageCalls10PageMobileL14dcchoiceVolumeE  pagecalls.o
    0x08009de8   0x08009de8   0x00000010   Data   RO         1553    .rodata._ZN9PageCalls10PageMobileL14dichoiceMelodyE  pagecalls.o
    0x08009df8   0x08009df8   0x00000010   Data   RO         1556    .rodata._ZN9PageCalls10PageMobileL14dichoiceVolumeE  pagecalls.o
    0x08009e08   0x08009e08   0x00000004   Data   RO         1569    .rodata._ZN9PageCalls10PageMobileL14pagepageMobileE  pagecalls.o
    0x08009e0c   0x08009e0c   0x0000000c   Data   RO         1659    .rodata._ZN9PageCalls10PageMobileL17dcchoiceEnableLEDE  pagecalls.o
    0x08009e18   0x08009e18   0x00000010   Data   RO         1559    .rodata._ZN9PageCalls10PageMobileL17dichoiceEnableLEDE  pagecalls.o
    0x08009e28   0x08009e28   0x0000002c   Data   RO         1654    .rodata._ZN9PageCalls10PageMobileL17nameschoiceMelodyE  pagecalls.o
    0x08009e54   0x08009e54   0x0000002c   Data   RO         1657    .rodata._ZN9PageCalls10PageMobileL17nameschoiceVolumeE  pagecalls.o
    0x08009e80   0x08009e80   0x00000004   Data   RO         1554    .rodata._ZN9PageCalls10PageMobileL18choicechoiceMelodyE  pagecalls.o
    0x08009e84   0x08009e84   0x00000004   Data   RO         1557    .rodata._ZN9PageCalls10PageMobileL18choicechoiceVolumeE  pagecalls.o
    0x08009e88   0x08009e88   0x0000000c   Data   RO         1662    .rodata._ZN9PageCalls10PageMobileL20dcchoiceEnableMelodyE  pagecalls.o
    0x08009e94   0x08009e94   0x0000000c   Data   RO         1665    .rodata._ZN9PageCalls10PageMobileL20dcchoiceEnabledVibroE  pagecalls.o
    0x08009ea0   0x08009ea0   0x00000010   Data   RO         1562    .rodata._ZN9PageCalls10PageMobileL20dichoiceEnableMelodyE  pagecalls.o
    0x08009eb0   0x08009eb0   0x00000010   Data   RO         1565    .rodata._ZN9PageCalls10PageMobileL20dichoiceEnabledVibroE  pagecalls.o
    0x08009ec0   0x08009ec0   0x0000000c   Data   RO         1660    .rodata._ZN9PageCalls10PageMobileL20nameschoiceEnableLEDE  pagecalls.o
    0x08009ecc   0x08009ecc   0x00000004   Data   RO         1560    .rodata._ZN9PageCalls10PageMobileL21choicechoiceEnableLEDE  pagecalls.o
    0x08009ed0   0x08009ed0   0x0000000c   Data   RO         1663    .rodata._ZN9PageCalls10PageMobileL23nameschoiceEnableMelodyE  pagecalls.o
    0x08009edc   0x08009edc   0x0000000c   Data   RO         1666    .rodata._ZN9PageCalls10PageMobileL23nameschoiceEnabledVibroE  pagecalls.o
    0x08009ee8   0x08009ee8   0x00000004   Data   RO         1563    .rodata._ZN9PageCalls10PageMobileL24choicechoiceEnableMelodyE  pagecalls.o
    0x08009eec   0x08009eec   0x00000004   Data   RO         1566    .rodata._ZN9PageCalls10PageMobileL24choicechoiceEnabledVibroE  pagecalls.o
    0x08009ef0   0x08009ef0   0x00000008   Data   RO         1536    .rodata._ZN9PageCalls12PageDoorBell12choiceMelodyE  pagecalls.o
    0x08009ef8   0x08009ef8   0x00000008   Data   RO         1539    .rodata._ZN9PageCalls12PageDoorBell12choiceVolumeE  pagecalls.o
    0x08009f00   0x08009f00   0x00000008   Data   RO         1551    .rodata._ZN9PageCalls12PageDoorBell12pageDoorBellE  pagecalls.o
    0x08009f08   0x08009f08   0x00000008   Data   RO         1542    .rodata._ZN9PageCalls12PageDoorBell15choiceEnableLEDE  pagecalls.o
    0x08009f10   0x08009f10   0x00000008   Data   RO         1545    .rodata._ZN9PageCalls12PageDoorBell18choiceEnableMelodyE  pagecalls.o
    0x08009f18   0x08009f18   0x00000008   Data   RO         1548    .rodata._ZN9PageCalls12PageDoorBell18choiceEnabledVibroE  pagecalls.o
    0x08009f20   0x08009f20   0x0000000c   Data   RO         1634    .rodata._ZN9PageCalls12PageDoorBellL14dcchoiceMelodyE  pagecalls.o
    0x08009f2c   0x08009f2c   0x0000000c   Data   RO         1637    .rodata._ZN9PageCalls12PageDoorBellL14dcchoiceVolumeE  pagecalls.o
    0x08009f38   0x08009f38   0x00000010   Data   RO         1534    .rodata._ZN9PageCalls12PageDoorBellL14dichoiceMelodyE  pagecalls.o
    0x08009f48   0x08009f48   0x00000010   Data   RO         1537    .rodata._ZN9PageCalls12PageDoorBellL14dichoiceVolumeE  pagecalls.o
    0x08009f58   0x08009f58   0x00000010   Data   RO         1549    .rodata._ZN9PageCalls12PageDoorBellL14dipageDoorBellE  pagecalls.o
    0x08009f68   0x08009f68   0x00000010   Data   RO         1649    .rodata._ZN9PageCalls12PageDoorBellL14dppageDoorBellE  pagecalls.o
    0x08009f78   0x08009f78   0x00000004   Data   RO         1550    .rodata._ZN9PageCalls12PageDoorBellL16pagepageDoorBellE  pagecalls.o
    0x08009f7c   0x08009f7c   0x0000000c   Data   RO         1640    .rodata._ZN9PageCalls12PageDoorBellL17dcchoiceEnableLEDE  pagecalls.o
    0x08009f88   0x08009f88   0x00000010   Data   RO         1540    .rodata._ZN9PageCalls12PageDoorBellL17dichoiceEnableLEDE  pagecalls.o
    0x08009f98   0x08009f98   0x0000002c   Data   RO         1635    .rodata._ZN9PageCalls12PageDoorBellL17nameschoiceMelodyE  pagecalls.o
    0x08009fc4   0x08009fc4   0x0000002c   Data   RO         1638    .rodata._ZN9PageCalls12PageDoorBellL17nameschoiceVolumeE  pagecalls.o
    0x08009ff0   0x08009ff0   0x00000004   Data   RO         1535    .rodata._ZN9PageCalls12PageDoorBellL18choicechoiceMelodyE  pagecalls.o
    0x08009ff4   0x08009ff4   0x00000004   Data   RO         1538    .rodata._ZN9PageCalls12PageDoorBellL18choicechoiceVolumeE  pagecalls.o
    0x08009ff8   0x08009ff8   0x0000000c   Data   RO         1643    .rodata._ZN9PageCalls12PageDoorBellL20dcchoiceEnableMelodyE  pagecalls.o
    0x0800a004   0x0800a004   0x0000000c   Data   RO         1646    .rodata._ZN9PageCalls12PageDoorBellL20dcchoiceEnabledVibroE  pagecalls.o
    0x0800a010   0x0800a010   0x00000010   Data   RO         1543    .rodata._ZN9PageCalls12PageDoorBellL20dichoiceEnableMelodyE  pagecalls.o
    0x0800a020   0x0800a020   0x00000010   Data   RO         1546    .rodata._ZN9PageCalls12PageDoorBellL20dichoiceEnabledVibroE  pagecalls.o
    0x0800a030   0x0800a030   0x0000000c   Data   RO         1641    .rodata._ZN9PageCalls12PageDoorBellL20nameschoiceEnableLEDE  pagecalls.o
    0x0800a03c   0x0800a03c   0x00000004   Data   RO         1541    .rodata._ZN9PageCalls12PageDoorBellL21choicechoiceEnableLEDE  pagecalls.o
    0x0800a040   0x0800a040   0x0000000c   Data   RO         1644    .rodata._ZN9PageCalls12PageDoorBellL23nameschoiceEnableMelodyE  pagecalls.o
    0x0800a04c   0x0800a04c   0x0000000c   Data   RO         1647    .rodata._ZN9PageCalls12PageDoorBellL23nameschoiceEnabledVibroE  pagecalls.o
    0x0800a058   0x0800a058   0x00000004   Data   RO         1544    .rodata._ZN9PageCalls12PageDoorBellL24choicechoiceEnableMelodyE  pagecalls.o
    0x0800a05c   0x0800a05c   0x00000004   Data   RO         1547    .rodata._ZN9PageCalls12PageDoorBellL24choicechoiceEnabledVibroE  pagecalls.o
    0x0800a060   0x0800a060   0x00000008   Data   RO         1593    .rodata._ZN9PageCalls12PageIntercom12choiceMelodyE  pagecalls.o
    0x0800a068   0x0800a068   0x00000008   Data   RO         1596    .rodata._ZN9PageCalls12PageIntercom12choiceVolumeE  pagecalls.o
    0x0800a070   0x0800a070   0x00000008   Data   RO         1608    .rodata._ZN9PageCalls12PageIntercom12pageIntercomE  pagecalls.o
    0x0800a078   0x0800a078   0x00000008   Data   RO         1599    .rodata._ZN9PageCalls12PageIntercom15choiceEnableLEDE  pagecalls.o
    0x0800a080   0x0800a080   0x00000008   Data   RO         1602    .rodata._ZN9PageCalls12PageIntercom18choiceEnableMelodyE  pagecalls.o
    0x0800a088   0x0800a088   0x00000008   Data   RO         1605    .rodata._ZN9PageCalls12PageIntercom18choiceEnabledVibroE  pagecalls.o
    0x0800a090   0x0800a090   0x0000000c   Data   RO         1691    .rodata._ZN9PageCalls12PageIntercomL14dcchoiceMelodyE  pagecalls.o
    0x0800a09c   0x0800a09c   0x0000000c   Data   RO         1694    .rodata._ZN9PageCalls12PageIntercomL14dcchoiceVolumeE  pagecalls.o
    0x0800a0a8   0x0800a0a8   0x00000010   Data   RO         1591    .rodata._ZN9PageCalls12PageIntercomL14dichoiceMelodyE  pagecalls.o
    0x0800a0b8   0x0800a0b8   0x00000010   Data   RO         1594    .rodata._ZN9PageCalls12PageIntercomL14dichoiceVolumeE  pagecalls.o
    0x0800a0c8   0x0800a0c8   0x00000010   Data   RO         1606    .rodata._ZN9PageCalls12PageIntercomL14dipageIntercomE  pagecalls.o
    0x0800a0d8   0x0800a0d8   0x00000010   Data   RO         1706    .rodata._ZN9PageCalls12PageIntercomL14dppageIntercomE  pagecalls.o
    0x0800a0e8   0x0800a0e8   0x00000004   Data   RO         1607    .rodata._ZN9PageCalls12PageIntercomL16pagepageIntercomE  pagecalls.o
    0x0800a0ec   0x0800a0ec   0x0000000c   Data   RO         1697    .rodata._ZN9PageCalls12PageIntercomL17dcchoiceEnableLEDE  pagecalls.o
    0x0800a0f8   0x0800a0f8   0x00000010   Data   RO         1597    .rodata._ZN9PageCalls12PageIntercomL17dichoiceEnableLEDE  pagecalls.o
    0x0800a108   0x0800a108   0x0000002c   Data   RO         1692    .rodata._ZN9PageCalls12PageIntercomL17nameschoiceMelodyE  pagecalls.o
    0x0800a134   0x0800a134   0x0000002c   Data   RO         1695    .rodata._ZN9PageCalls12PageIntercomL17nameschoiceVolumeE  pagecalls.o
    0x0800a160   0x0800a160   0x00000004   Data   RO         1592    .rodata._ZN9PageCalls12PageIntercomL18choicechoiceMelodyE  pagecalls.o
    0x0800a164   0x0800a164   0x00000004   Data   RO         1595    .rodata._ZN9PageCalls12PageIntercomL18choicechoiceVolumeE  pagecalls.o
    0x0800a168   0x0800a168   0x0000000c   Data   RO         1700    .rodata._ZN9PageCalls12PageIntercomL20dcchoiceEnableMelodyE  pagecalls.o
    0x0800a174   0x0800a174   0x0000000c   Data   RO         1703    .rodata._ZN9PageCalls12PageIntercomL20dcchoiceEnabledVibroE  pagecalls.o
    0x0800a180   0x0800a180   0x00000010   Data   RO         1600    .rodata._ZN9PageCalls12PageIntercomL20dichoiceEnableMelodyE  pagecalls.o
    0x0800a190   0x0800a190   0x00000010   Data   RO         1603    .rodata._ZN9PageCalls12PageIntercomL20dichoiceEnabledVibroE  pagecalls.o
    0x0800a1a0   0x0800a1a0   0x0000000c   Data   RO         1698    .rodata._ZN9PageCalls12PageIntercomL20nameschoiceEnableLEDE  pagecalls.o
    0x0800a1ac   0x0800a1ac   0x00000004   Data   RO         1598    .rodata._ZN9PageCalls12PageIntercomL21choicechoiceEnableLEDE  pagecalls.o
    0x0800a1b0   0x0800a1b0   0x0000000c   Data   RO         1701    .rodata._ZN9PageCalls12PageIntercomL23nameschoiceEnableMelodyE  pagecalls.o
    0x0800a1bc   0x0800a1bc   0x0000000c   Data   RO         1704    .rodata._ZN9PageCalls12PageIntercomL23nameschoiceEnabledVibroE  pagecalls.o
    0x0800a1c8   0x0800a1c8   0x00000004   Data   RO         1601    .rodata._ZN9PageCalls12PageIntercomL24choicechoiceEnableMelodyE  pagecalls.o
    0x0800a1cc   0x0800a1cc   0x00000004   Data   RO         1604    .rodata._ZN9PageCalls12PageIntercomL24choicechoiceEnabledVibroE  pagecalls.o
    0x0800a1d0   0x0800a1d0   0x00000008   Data   RO         1574    .rodata._ZN9PageCalls13PageHomePhone12choiceMelodyE  pagecalls.o
    0x0800a1d8   0x0800a1d8   0x00000008   Data   RO         1577    .rodata._ZN9PageCalls13PageHomePhone12choiceVolumeE  pagecalls.o
    0x0800a1e0   0x0800a1e0   0x00000008   Data   RO         1589    .rodata._ZN9PageCalls13PageHomePhone13pageHomePhoneE  pagecalls.o
    0x0800a1e8   0x0800a1e8   0x00000008   Data   RO         1580    .rodata._ZN9PageCalls13PageHomePhone15choiceEnableLEDE  pagecalls.o
    0x0800a1f0   0x0800a1f0   0x00000008   Data   RO         1583    .rodata._ZN9PageCalls13PageHomePhone18choiceEnableMelodyE  pagecalls.o
    0x0800a1f8   0x0800a1f8   0x00000008   Data   RO         1586    .rodata._ZN9PageCalls13PageHomePhone18choiceEnabledVibroE  pagecalls.o
    0x0800a200   0x0800a200   0x0000000c   Data   RO         1672    .rodata._ZN9PageCalls13PageHomePhoneL14dcchoiceMelodyE  pagecalls.o
    0x0800a20c   0x0800a20c   0x0000000c   Data   RO         1675    .rodata._ZN9PageCalls13PageHomePhoneL14dcchoiceVolumeE  pagecalls.o
    0x0800a218   0x0800a218   0x00000010   Data   RO         1572    .rodata._ZN9PageCalls13PageHomePhoneL14dichoiceMelodyE  pagecalls.o
    0x0800a228   0x0800a228   0x00000010   Data   RO         1575    .rodata._ZN9PageCalls13PageHomePhoneL14dichoiceVolumeE  pagecalls.o
    0x0800a238   0x0800a238   0x00000010   Data   RO         1587    .rodata._ZN9PageCalls13PageHomePhoneL15dipageHomePhoneE  pagecalls.o
    0x0800a248   0x0800a248   0x00000010   Data   RO         1687    .rodata._ZN9PageCalls13PageHomePhoneL15dppageHomePhoneE  pagecalls.o
    0x0800a258   0x0800a258   0x0000000c   Data   RO         1678    .rodata._ZN9PageCalls13PageHomePhoneL17dcchoiceEnableLEDE  pagecalls.o
    0x0800a264   0x0800a264   0x00000010   Data   RO         1578    .rodata._ZN9PageCalls13PageHomePhoneL17dichoiceEnableLEDE  pagecalls.o
    0x0800a274   0x0800a274   0x0000002c   Data   RO         1673    .rodata._ZN9PageCalls13PageHomePhoneL17nameschoiceMelodyE  pagecalls.o
    0x0800a2a0   0x0800a2a0   0x0000002c   Data   RO         1676    .rodata._ZN9PageCalls13PageHomePhoneL17nameschoiceVolumeE  pagecalls.o
    0x0800a2cc   0x0800a2cc   0x00000004   Data   RO         1588    .rodata._ZN9PageCalls13PageHomePhoneL17pagepageHomePhoneE  pagecalls.o
    0x0800a2d0   0x0800a2d0   0x00000004   Data   RO         1573    .rodata._ZN9PageCalls13PageHomePhoneL18choicechoiceMelodyE  pagecalls.o
    0x0800a2d4   0x0800a2d4   0x00000004   Data   RO         1576    .rodata._ZN9PageCalls13PageHomePhoneL18choicechoiceVolumeE  pagecalls.o
    0x0800a2d8   0x0800a2d8   0x0000000c   Data   RO         1681    .rodata._ZN9PageCalls13PageHomePhoneL20dcchoiceEnableMelodyE  pagecalls.o
    0x0800a2e4   0x0800a2e4   0x0000000c   Data   RO         1684    .rodata._ZN9PageCalls13PageHomePhoneL20dcchoiceEnabledVibroE  pagecalls.o
    0x0800a2f0   0x0800a2f0   0x00000010   Data   RO         1581    .rodata._ZN9PageCalls13PageHomePhoneL20dichoiceEnableMelodyE  pagecalls.o
    0x0800a300   0x0800a300   0x00000010   Data   RO         1584    .rodata._ZN9PageCalls13PageHomePhoneL20dichoiceEnabledVibroE  pagecalls.o
    0x0800a310   0x0800a310   0x0000000c   Data   RO         1679    .rodata._ZN9PageCalls13PageHomePhoneL20nameschoiceEnableLEDE  pagecalls.o
    0x0800a31c   0x0800a31c   0x00000004   Data   RO         1579    .rodata._ZN9PageCalls13PageHomePhoneL21choicechoiceEnableLEDE  pagecalls.o
    0x0800a320   0x0800a320   0x0000000c   Data   RO         1682    .rodata._ZN9PageCalls13PageHomePhoneL23nameschoiceEnableMelodyE  pagecalls.o
    0x0800a32c   0x0800a32c   0x0000000c   Data   RO         1685    .rodata._ZN9PageCalls13PageHomePhoneL23nameschoiceEnabledVibroE  pagecalls.o
    0x0800a338   0x0800a338   0x00000004   Data   RO         1582    .rodata._ZN9PageCalls13PageHomePhoneL24choicechoiceEnableMelodyE  pagecalls.o
    0x0800a33c   0x0800a33c   0x00000004   Data   RO         1585    .rodata._ZN9PageCalls13PageHomePhoneL24choicechoiceEnabledVibroE  pagecalls.o
    0x0800a340   0x0800a340   0x00000008   Data   RO         1612    .rodata._ZN9PageCalls15PageSoundSensor12choiceMelodyE  pagecalls.o
    0x0800a348   0x0800a348   0x00000008   Data   RO         1615    .rodata._ZN9PageCalls15PageSoundSensor12choiceVolumeE  pagecalls.o
    0x0800a350   0x0800a350   0x00000008   Data   RO         1618    .rodata._ZN9PageCalls15PageSoundSensor15choiceEnableLEDE  pagecalls.o
    0x0800a358   0x0800a358   0x00000008   Data   RO         1627    .rodata._ZN9PageCalls15PageSoundSensor15pageSoundSensorE  pagecalls.o
    0x0800a360   0x0800a360   0x00000008   Data   RO         1621    .rodata._ZN9PageCalls15PageSoundSensor18choiceEnableMelodyE  pagecalls.o
    0x0800a368   0x0800a368   0x00000008   Data   RO         1624    .rodata._ZN9PageCalls15PageSoundSensor18choiceEnabledVibroE  pagecalls.o
    0x0800a370   0x0800a370   0x0000000c   Data   RO         1710    .rodata._ZN9PageCalls15PageSoundSensorL14dcchoiceMelodyE  pagecalls.o
    0x0800a37c   0x0800a37c   0x0000000c   Data   RO         1713    .rodata._ZN9PageCalls15PageSoundSensorL14dcchoiceVolumeE  pagecalls.o
    0x0800a388   0x0800a388   0x00000010   Data   RO         1610    .rodata._ZN9PageCalls15PageSoundSensorL14dichoiceMelodyE  pagecalls.o
    0x0800a398   0x0800a398   0x00000010   Data   RO         1613    .rodata._ZN9PageCalls15PageSoundSensorL14dichoiceVolumeE  pagecalls.o
    0x0800a3a8   0x0800a3a8   0x0000000c   Data   RO         1716    .rodata._ZN9PageCalls15PageSoundSensorL17dcchoiceEnableLEDE  pagecalls.o
    0x0800a3b4   0x0800a3b4   0x00000010   Data   RO         1616    .rodata._ZN9PageCalls15PageSoundSensorL17dichoiceEnableLEDE  pagecalls.o
    0x0800a3c4   0x0800a3c4   0x00000010   Data   RO         1625    .rodata._ZN9PageCalls15PageSoundSensorL17dipageSoundSensorE  pagecalls.o
    0x0800a3d4   0x0800a3d4   0x00000010   Data   RO         1725    .rodata._ZN9PageCalls15PageSoundSensorL17dppageSoundSensorE  pagecalls.o
    0x0800a3e4   0x0800a3e4   0x0000002c   Data   RO         1711    .rodata._ZN9PageCalls15PageSoundSensorL17nameschoiceMelodyE  pagecalls.o
    0x0800a410   0x0800a410   0x0000002c   Data   RO         1714    .rodata._ZN9PageCalls15PageSoundSensorL17nameschoiceVolumeE  pagecalls.o
    0x0800a43c   0x0800a43c   0x00000004   Data   RO         1611    .rodata._ZN9PageCalls15PageSoundSensorL18choicechoiceMelodyE  pagecalls.o
    0x0800a440   0x0800a440   0x00000004   Data   RO         1614    .rodata._ZN9PageCalls15PageSoundSensorL18choicechoiceVolumeE  pagecalls.o
    0x0800a444   0x0800a444   0x00000004   Data   RO         1626    .rodata._ZN9PageCalls15PageSoundSensorL19pagepageSoundSensorE  pagecalls.o
    0x0800a448   0x0800a448   0x0000000c   Data   RO         1719    .rodata._ZN9PageCalls15PageSoundSensorL20dcchoiceEnableMelodyE  pagecalls.o
    0x0800a454   0x0800a454   0x0000000c   Data   RO         1722    .rodata._ZN9PageCalls15PageSoundSensorL20dcchoiceEnabledVibroE  pagecalls.o
    0x0800a460   0x0800a460   0x00000010   Data   RO         1619    .rodata._ZN9PageCalls15PageSoundSensorL20dichoiceEnableMelodyE  pagecalls.o
    0x0800a470   0x0800a470   0x00000010   Data   RO         1622    .rodata._ZN9PageCalls15PageSoundSensorL20dichoiceEnabledVibroE  pagecalls.o
    0x0800a480   0x0800a480   0x0000000c   Data   RO         1717    .rodata._ZN9PageCalls15PageSoundSensorL20nameschoiceEnableLEDE  pagecalls.o
    0x0800a48c   0x0800a48c   0x00000004   Data   RO         1617    .rodata._ZN9PageCalls15PageSoundSensorL21choicechoiceEnableLEDE  pagecalls.o
    0x0800a490   0x0800a490   0x0000000c   Data   RO         1720    .rodata._ZN9PageCalls15PageSoundSensorL23nameschoiceEnableMelodyE  pagecalls.o
    0x0800a49c   0x0800a49c   0x0000000c   Data   RO         1723    .rodata._ZN9PageCalls15PageSoundSensorL23nameschoiceEnabledVibroE  pagecalls.o
    0x0800a4a8   0x0800a4a8   0x00000004   Data   RO         1620    .rodata._ZN9PageCalls15PageSoundSensorL24choicechoiceEnableMelodyE  pagecalls.o
    0x0800a4ac   0x0800a4ac   0x00000004   Data   RO         1623    .rodata._ZN9PageCalls15PageSoundSensorL24choicechoiceEnabledVibroE  pagecalls.o
    0x0800a4b0   0x0800a4b0   0x00000004   Data   RO         1631    .rodata._ZN9PageCalls4selfE  pagecalls.o
    0x0800a4b4   0x0800a4b4   0x00000034   Data   RO         1749    .rodata._ZZN9CMT2210AWL16VerifyPreambule1EvE3bit  cmt2210aw.o
    0x0800a4e8   0x0800a4e8   0x00000034   Data   RO         1747    .rodata._ZZN9CMT2210AWL16VerifyPreambule1EvE5index  cmt2210aw.o
    0x0800a51c   0x0800a51c   0x00000034   Data   RO         1748    .rodata._ZZN9CMT2210AWL16VerifyPreambule1EvE5shift  cmt2210aw.o
    0x0800a550   0x0800a550   0x00000400   Data   RO         1750    .rodata._ZZN9CMT2210AWL7GetBitsEyE10byte_count  cmt2210aw.o
    0x0800a950   0x0800a950   0x00000008   Data   RO          598    .rodata.cst8        gd32e23x_rcu.o
    0x0800a958   0x0800a958   0x00000008   Data   RO         1881    .rodata.melody1     melody1.o
    0x0800a960   0x0800a960   0x00000008   Data   RO         1953    .rodata.melody10    melody10.o
    0x0800a968   0x0800a968   0x00000008   Data   RO         1889    .rodata.melody2     melody2.o
    0x0800a970   0x0800a970   0x00000008   Data   RO         1897    .rodata.melody3     melody3.o
    0x0800a978   0x0800a978   0x00000008   Data   RO         1905    .rodata.melody4     melody4.o
    0x0800a980   0x0800a980   0x00000008   Data   RO         1913    .rodata.melody5     melody5.o
    0x0800a988   0x0800a988   0x00000008   Data   RO         1921    .rodata.melody6     melody6.o
    0x0800a990   0x0800a990   0x00000008   Data   RO         1929    .rodata.melody7     melody7.o
    0x0800a998   0x0800a998   0x00000008   Data   RO         1937    .rodata.melody8     melody8.o
    0x0800a9a0   0x0800a9a0   0x00000008   Data   RO         1945    .rodata.melody9     melody9.o
    0x0800a9a8   0x0800a9a8   0x00000008   Data   RO         1630    .rodata.pageCalls   pagecalls.o
    0x0800a9b0   0x0800a9b0   0x00000008   Data   RO         1475    .rodata.pageHistory  pagehistory.o
    0x0800a9b8   0x0800a9b8   0x00000008   Data   RO         1498    .rodata.pageMain    pagemain.o
    0x0800a9c0   0x0800a9c0   0x00000002   Data   RO         1457    .rodata.str1.1      menuitems.o
    0x0800a9c2   0x0800a9c2   0x00000014   Data   RO         1500    .rodata.str1.1      pagemain.o
    0x0800a9d6   0x0800a9d6   0x00000092   Data   RO         1632    .rodata.str1.1      pagecalls.o
    0x0800aa68   0x0800aa68   0x00000008   Data   RO         1495    .rodata.timeAlarm   pagemain.o
    0x0800aa70   0x0800aa70   0x00000008   Data   RO         1492    .rodata.timeWatch   pagemain.o
    0x0800aa78   0x0800aa78   0x00000020   Data   RO         2361    Region$$Table       anon$$obj.o
    0x0800aa98   0x0800aa98   0x0000001c   Data   RO         2239    locale$$data        c_p.l(lc_numeric_c.o)
    0x0800aab4   0x0800aab4   0x00000110   Data   RO         2281    locale$$data        c_p.l(lc_ctype_c.o)
    0x0800abc4   0x0800abc4   0x00000004   Data   RO         1407    .init_array         menu.o
    0x0800abc8   0x0800abc4   0x00000004   Data   RO         1480    .init_array         pagehistory.o
    0x0800abcc   0x0800abc4   0x00000004   Data   RO         1513    .init_array         pagemain.o
    0x0800abd0   0x0800abc4   0x00000004   Data   RO         1731    .init_array         pagecalls.o
    0x0800abd4   0x0800abc4   0x00000000   Data   RO         2016    .init_array         c_p.l(init_aeabi.o)


    Execution Region RW_IRAM1 (Exec base: 0x20000000, Load base: 0x0800abd8, Size: 0x00001260, Max: 0x00002000, ABSOLUTE, COMPRESSED[0x000000c8])

    Exec Addr    Load Addr    Size         Type   Attr      Idx    E Section Name        Object

    0x20000000   COMPRESSED   0x0000000c   Data   RW         1361    .data..L_MergedGlobals  font.o
    0x2000000c   COMPRESSED   0x00000020   Data   RW         1379    .data..L_MergedGlobals  keyboard.o
    0x2000002c   COMPRESSED   0x0000003c   Data   RW         1828    .data..L_MergedGlobals  st7735.o
    0x20000068   COMPRESSED   0x00000004   Data   RW         1186    .data.SystemCoreClock  system_gd32e23x.o
    0x2000006c   COMPRESSED   0x00000018   Data   RW         1729    .data._ZL14itemspageCalls  pagecalls.o
    0x20000084   COMPRESSED   0x00000001   Data   RW         1333    .data._ZN5Color4BLUEE  colors.o
    0x20000085   COMPRESSED   0x00000001   Data   RW         1330    .data._ZN5Color5BLACKE  colors.o
    0x20000086   COMPRESSED   0x00000001   Data   RW         1332    .data._ZN5Color5GREENE  colors.o
    0x20000087   COMPRESSED   0x00000001   Data   RW         1335    .data._ZN5Color6NUMBERE  colors.o
    0x20000088   COMPRESSED   0x00000020   Data   RW         1328    .data._ZN5Color6colorsE  colors.o
    0x200000a8   COMPRESSED   0x00000001   Data   RW         1336    .data._ZN5Color7currentE  colors.o
    0x200000a9   COMPRESSED   0x00000003   PAD
    0x200000ac   COMPRESSED   0x00000030   Data   RW         1378    .data._ZN8KeyboardL7buttonsE  keyboard.o
    0x200000dc   COMPRESSED   0x00000018   Data   RW         1669    .data._ZN9PageCalls10PageMobileL15itemspageMobileE  pagecalls.o
    0x200000f4   COMPRESSED   0x00000018   Data   RW         1650    .data._ZN9PageCalls12PageDoorBellL17itemspageDoorBellE  pagecalls.o
    0x2000010c   COMPRESSED   0x00000018   Data   RW         1707    .data._ZN9PageCalls12PageIntercomL17itemspageIntercomE  pagecalls.o
    0x20000124   COMPRESSED   0x00000018   Data   RW         1688    .data._ZN9PageCalls13PageHomePhoneL18itemspageHomePhoneE  pagecalls.o
    0x2000013c   COMPRESSED   0x00000018   Data   RW         1726    .data._ZN9PageCalls15PageSoundSensorL20itemspageSoundSensorE  pagecalls.o
    0x20000154   COMPRESSED   0x00000020   Data   RW         1965    .data.gset          settings.o
    0x20000174   COMPRESSED   0x0000000c   Data   RW         1212    .data.pinDOUT       hal_pins.o
    0x20000180   COMPRESSED   0x0000000c   Data   RW         1217    .data.pinSOUND      hal_pins.o
    0x2000018c   COMPRESSED   0x00000004   PAD
    0x20000190        -       0x000000e4   Zero   RW         1998    .bss                c_p.l(rand.o)
    0x20000274        -       0x00000060   Zero   RW         2268    .bss                c_p.l(libspace.o)
    0x200002d4        -       0x00000008   Zero   RW         1408    .bss..L_MergedGlobals  menu.o
    0x200002dc        -       0x00000014   Zero   RW         1481    .bss..L_MergedGlobals  pagehistory.o
    0x200002f0        -       0x00000014   Zero   RW         1732    .bss..L_MergedGlobals  pagecalls.o
    0x20000304   COMPRESSED   0x00000004   PAD
    0x20000308        -       0x00000030   Zero   RW         1751    .bss..L_MergedGlobals  cmt2210aw.o
    0x20000338        -       0x0000000e   Zero   RW         1803    .bss..L_MergedGlobals  pcf8563.o
    0x20000346   COMPRESSED   0x00000002   PAD
    0x20000348        -       0x00000008   Zero   RW         1982    .bss..L_MergedGlobals  fps.o
    0x20000350        -       0x0000001c   Zero   RW         1380    .bss..L_MergedGlobals.4  keyboard.o
    0x2000036c        -       0x00000014   Zero   RW         1511    .bss._ZL13itemspageMain  pagemain.o
    0x20000380        -       0x00000001   Zero   RW         1507    .bss._ZL14fieldtimeAlarm  pagemain.o
    0x20000381        -       0x00000001   Zero   RW         1503    .bss._ZL14fieldtimeWatch  pagemain.o
    0x20000382        -       0x00000001   Zero   RW         1509    .bss._ZL14openedpageMain  pagemain.o
    0x20000383        -       0x00000001   Zero   RW         1505    .bss._ZL15openedtimeAlarm  pagemain.o
    0x20000384        -       0x00000001   Zero   RW         1501    .bss._ZL15openedtimeWatch  pagemain.o
    0x20000385   COMPRESSED   0x00000003   PAD
    0x20000388        -       0x00000004   Zero   RW         1478    .bss._ZL16itemspageHistory  pagehistory.o
    0x2000038c        -       0x00000007   Zero   RW         1508    .bss._ZL18timeAlarmdate_time  pagemain.o
    0x20000393        -       0x00000007   Zero   RW         1504    .bss._ZL18timeWatchdate_time  pagemain.o
    0x2000039a        -       0x00000001   Zero   RW         1512    .bss._ZL20current_itempageMain  pagemain.o
    0x2000039b        -       0x00000001   Zero   RW         1730    .bss._ZL21current_itempageCalls  pagecalls.o
    0x2000039c        -       0x00000001   Zero   RW         1479    .bss._ZL23current_itempageHistory  pagehistory.o
    0x2000039d   COMPRESSED   0x00000003   PAD
    0x200003a0        -       0x00000004   Zero   RW         1279    .bss._ZL5delay      systick.o
    0x200003a4        -       0x00000001   Zero   RW         1329    .bss._ZN5Color5WHITEE  colors.o
    0x200003a5   COMPRESSED   0x00000003   PAD
    0x200003a8        -       0x00000034   Zero   RW         1868    .bss._ZN6PlayerL13s_playerStateE  player.o
    0x200003dc        -       0x00000014   Zero   RW         1966    .bss._ZN6Source9time_recvE  settings.o
    0x200003f0        -       0x00000640   Zero   RW         1312    .bss._ZN7Display6BufferL6bufferE  display.o
    0x20000a30        -       0x00000004   Zero   RW         1313    .bss._ZN7DisplayL12current_partE  display.o
    0x20000a34        -       0x00000001   Zero   RW         1456    .bss._ZN8DataTime12in_edit_modeE  menuitems.o
    0x20000a35        -       0x00000001   Zero   RW         1667    .bss._ZN9PageCalls10PageMobileL16openedpageMobileE  pagecalls.o
    0x20000a36        -       0x00000001   Zero   RW         1652    .bss._ZN9PageCalls10PageMobileL18openedchoiceMelodyE  pagecalls.o
    0x20000a37        -       0x00000001   Zero   RW         1655    .bss._ZN9PageCalls10PageMobileL18openedchoiceVolumeE  pagecalls.o
    0x20000a38        -       0x00000001   Zero   RW         1658    .bss._ZN9PageCalls10PageMobileL21openedchoiceEnableLEDE  pagecalls.o
    0x20000a39        -       0x00000001   Zero   RW         1670    .bss._ZN9PageCalls10PageMobileL22current_itempageMobileE  pagecalls.o
    0x20000a3a        -       0x00000001   Zero   RW         1661    .bss._ZN9PageCalls10PageMobileL24openedchoiceEnableMelodyE  pagecalls.o
    0x20000a3b        -       0x00000001   Zero   RW         1664    .bss._ZN9PageCalls10PageMobileL24openedchoiceEnabledVibroE  pagecalls.o
    0x20000a3c        -       0x00000001   Zero   RW         1633    .bss._ZN9PageCalls12PageDoorBellL18openedchoiceMelodyE  pagecalls.o
    0x20000a3d        -       0x00000001   Zero   RW         1636    .bss._ZN9PageCalls12PageDoorBellL18openedchoiceVolumeE  pagecalls.o
    0x20000a3e        -       0x00000001   Zero   RW         1648    .bss._ZN9PageCalls12PageDoorBellL18openedpageDoorBellE  pagecalls.o
    0x20000a3f        -       0x00000001   Zero   RW         1639    .bss._ZN9PageCalls12PageDoorBellL21openedchoiceEnableLEDE  pagecalls.o
    0x20000a40        -       0x00000001   Zero   RW         1651    .bss._ZN9PageCalls12PageDoorBellL24current_itempageDoorBellE  pagecalls.o
    0x20000a41        -       0x00000001   Zero   RW         1642    .bss._ZN9PageCalls12PageDoorBellL24openedchoiceEnableMelodyE  pagecalls.o
    0x20000a42        -       0x00000001   Zero   RW         1645    .bss._ZN9PageCalls12PageDoorBellL24openedchoiceEnabledVibroE  pagecalls.o
    0x20000a43        -       0x00000001   Zero   RW         1690    .bss._ZN9PageCalls12PageIntercomL18openedchoiceMelodyE  pagecalls.o
    0x20000a44        -       0x00000001   Zero   RW         1693    .bss._ZN9PageCalls12PageIntercomL18openedchoiceVolumeE  pagecalls.o
    0x20000a45        -       0x00000001   Zero   RW         1705    .bss._ZN9PageCalls12PageIntercomL18openedpageIntercomE  pagecalls.o
    0x20000a46        -       0x00000001   Zero   RW         1696    .bss._ZN9PageCalls12PageIntercomL21openedchoiceEnableLEDE  pagecalls.o
    0x20000a47        -       0x00000001   Zero   RW         1708    .bss._ZN9PageCalls12PageIntercomL24current_itempageIntercomE  pagecalls.o
    0x20000a48        -       0x00000001   Zero   RW         1699    .bss._ZN9PageCalls12PageIntercomL24openedchoiceEnableMelodyE  pagecalls.o
    0x20000a49        -       0x00000001   Zero   RW         1702    .bss._ZN9PageCalls12PageIntercomL24openedchoiceEnabledVibroE  pagecalls.o
    0x20000a4a        -       0x00000001   Zero   RW         1671    .bss._ZN9PageCalls13PageHomePhoneL18openedchoiceMelodyE  pagecalls.o
    0x20000a4b        -       0x00000001   Zero   RW         1674    .bss._ZN9PageCalls13PageHomePhoneL18openedchoiceVolumeE  pagecalls.o
    0x20000a4c        -       0x00000001   Zero   RW         1686    .bss._ZN9PageCalls13PageHomePhoneL19openedpageHomePhoneE  pagecalls.o
    0x20000a4d        -       0x00000001   Zero   RW         1677    .bss._ZN9PageCalls13PageHomePhoneL21openedchoiceEnableLEDE  pagecalls.o
    0x20000a4e        -       0x00000001   Zero   RW         1680    .bss._ZN9PageCalls13PageHomePhoneL24openedchoiceEnableMelodyE  pagecalls.o
    0x20000a4f        -       0x00000001   Zero   RW         1683    .bss._ZN9PageCalls13PageHomePhoneL24openedchoiceEnabledVibroE  pagecalls.o
    0x20000a50        -       0x00000001   Zero   RW         1689    .bss._ZN9PageCalls13PageHomePhoneL25current_itempageHomePhoneE  pagecalls.o
    0x20000a51        -       0x00000001   Zero   RW         1709    .bss._ZN9PageCalls15PageSoundSensorL18openedchoiceMelodyE  pagecalls.o
    0x20000a52        -       0x00000001   Zero   RW         1712    .bss._ZN9PageCalls15PageSoundSensorL18openedchoiceVolumeE  pagecalls.o
    0x20000a53        -       0x00000001   Zero   RW         1715    .bss._ZN9PageCalls15PageSoundSensorL21openedchoiceEnableLEDE  pagecalls.o
    0x20000a54        -       0x00000001   Zero   RW         1724    .bss._ZN9PageCalls15PageSoundSensorL21openedpageSoundSensorE  pagecalls.o
    0x20000a55        -       0x00000001   Zero   RW         1718    .bss._ZN9PageCalls15PageSoundSensorL24openedchoiceEnableMelodyE  pagecalls.o
    0x20000a56        -       0x00000001   Zero   RW         1721    .bss._ZN9PageCalls15PageSoundSensorL24openedchoiceEnabledVibroE  pagecalls.o
    0x20000a57        -       0x00000001   Zero   RW         1727    .bss._ZN9PageCalls15PageSoundSensorL27current_itempageSoundSensorE  pagecalls.o
    0x20000a58        -       0x00000004   Zero   RW         1155    .bss.timer_counter  timer.o
    0x20000a5c   COMPRESSED   0x00000004   PAD
    0x20000a60        -       0x00000400   Zero   RW         1173    HEAP                startup_gd32e23x.o
    0x20000e60        -       0x00000400   Zero   RW         1172    STACK               startup_gd32e23x.o


==============================================================================

Image component sizes


      Code (inc. data)   RO Data    RW Data    ZI Data      Debug   Object Name

        12          4          0          0          0        507   beeper.o
       416         52       1180          0         48       9832   cmt2210aw.o
        12          0          0         37          1       1430   colors.o
        62          0          0          0          0       8139   device.o
       686         80          0          0       1604      32985   display.o
       360         36       6516         12          0      11394   font.o
       100         24          0          0          8       9039   fps.o
       230          0          0          0          0       5107   gd32e23x_gpio.o
       446         36          0          0          0      10134   gd32e23x_i2c.o
        66          0          0          0          0       8646   gd32e23x_it.o
       116         20          0          0          0       3984   gd32e23x_misc.o
       416         44          8          0          0      14128   gd32e23x_rcu.o
       344         36          0          0          0      20919   gd32e23x_timer.o
       140         16          0          0          0       3218   hal.o
       748         20          0          0          0       4997   hal_i2c.o
        86          0          4         24          0       3803   hal_pins.o
       220         16          0         80         28       7316   keyboard.o
        10          0          0          0          0        360   main.o
         0          0       1593          0          0       1804   melody1.o
         0          0       1586          0          0       1815   melody10.o
         0          0       1586          0          0       1808   melody2.o
         0          0       1920          0          0       1813   melody3.o
         0          0       1593          0          0       1808   melody4.o
         0          0       1586          0          0       1808   melody5.o
         0          0       1920          0          0       1813   melody6.o
         0          0       1593          0          0       1808   melody7.o
         0          0       1586          0          0       1808   melody8.o
         0          0       1920          0          0       1813   melody9.o
        98          4          4          0          8      10248   menu.o
      1544        112          2          0          1      20503   menuitems.o
       386        104       2022        144         56      28194   pagecalls.o
        44         24         36          0         25      10154   pagehistory.o
        52         20        160          0         40      11606   pagemain.o
       648          8          0          0         14       6832   pcf8563.o
       218         48          0          0         52       9375   player.o
       204         44          0         32         20      14396   settings.o
       736         32          0         60          0      13109   st7735.o
        56         26        204          0       2048        696   startup_gd32e23x.o
       300         24          0          4          0       2197   system_gd32e23x.o
       100         20          0          0          4       3973   systick.o
        28          4          0          0          4       2245   timer.o
        30          0          0          0          0       7465   watch.o

    ----------------------------------------------------------------------
      8946        854      27056        396       3984     315029   Object Totals
         0          0         32          0          0          0   (incl. Generated)
        32          0          5          3         23          0   (incl. Padding)

    ----------------------------------------------------------------------

      Code (inc. data)   RO Data    RW Data    ZI Data      Debug   Library Member Name

        86          0          0          0          0          0   __dczerorl2.o
         8          0          0          0          0         68   __main.o
       392          6         17          0          0         76   __printf_flags_ss_wp.o
        14          0          0          0          0         60   __printf_wp.o
         0          0          0          0          0          0   __rtentry.o
        12          0          0          0          0          0   __rtentry2.o
         6          0          0          0          0          0   __rtentry4.o
        60          8          0          0          0          0   __scatter.o
        28          0          0          0          0          0   __scatter_zi.o
        66          0          0          0          0         76   _c16rtomb.o
        10          0          0          0          0          0   _printf_a.o
        10          0          0          0          0          0   _printf_c.o
        46          0          0          0          0        100   _printf_char.o
        48          6          0          0          0         88   _printf_char_common.o
        38          0          0          0          0         60   _printf_charcount.o
        10          0          0          0          0          0   _printf_d.o
       108         18          0          0          0         76   _printf_dec.o
        10          0          0          0          0          0   _printf_e.o
        10          0          0          0          0          0   _printf_f.o
      1044         12          0          0          0        116   _printf_fp_dec.o
       728         10         38          0          0         84   _printf_fp_hex.o
       136         16          0          0          0         76   _printf_fp_infnan.o
        10          0          0          0          0          0   _printf_g.o
       152          4         40          0          0        148   _printf_hex_int_ll_ptr.o
        10          0          0          0          0          0   _printf_i.o
       176          0          0          0          0         84   _printf_intcommon.o
        10          0          0          0          0          0   _printf_l.o
        10          0          0          0          0          0   _printf_lc.o
        10          0          0          0          0          0   _printf_ll.o
        10          0          0          0          0          0   _printf_lld.o
        10          0          0          0          0          0   _printf_lli.o
        10          0          0          0          0          0   _printf_llo.o
        10          0          0          0          0          0   _printf_llu.o
        10          0          0          0          0          0   _printf_llx.o
       112         18          0          0          0         76   _printf_longlong_dec.o
        10          0          0          0          0          0   _printf_ls.o
        10          0          0          0          0          0   _printf_n.o
        10          0          0          0          0          0   _printf_o.o
       112         10          0          0          0        112   _printf_oct_int_ll.o
        10          0          0          0          0          0   _printf_p.o
        78          0          0          0          0        100   _printf_pad.o
         2          0          0          0          0          0   _printf_percent.o
         4          0          0          0          0          0   _printf_percent_end.o
        10          0          0          0          0          0   _printf_s.o
        82          0          0          0          0         72   _printf_str.o
        36          0          0          0          0         76   _printf_truncate.o
        10          0          0          0          0          0   _printf_u.o
        46          0          0          0          0        100   _printf_wchar.o
       188          6          8          0          0         80   _printf_wctomb.o
        10          0          0          0          0          0   _printf_x.o
        10          0          0          0          0         60   _sputc.o
        18          0          0          0          0         68   aeabi_memset4.o
       364          4          0          0          0         92   aeabi_sdiv.o
       216          6        148          0          0         80   bigflt0.o
      1456         30          0          0          0        336   btod.o
        16          0          0          0          0         68   exit.o
         6          0          0          0          0        136   heapauxi.o
         0          0          0          0          0          0   indicate_semi.o
        36          8          0          0          0         72   init_aeabi.o
        44         10        272          0          0         76   lc_ctype_c.o
        44         10         28          0          0         76   lc_numeric_c.o
         2          0          0          0          0          0   libinit.o
        42          0          0          0          0          0   libinit2.o
         2          0          0          0          0          0   libshutdown.o
         2          0          0          0          0          0   libshutdown2.o
         8          4          0          0         96         68   libspace.o
       122          0          0          0          0         72   lludiv10.o
        34          0          0          0          0         68   llushr.o
       116         16          0          0        228        156   rand.o
        16          4          0          0          0         76   rt_ctype_table.o
         8          4          0          0          0         68   rt_fp_status_addr_intlibspace.o
         8          4          0          0          0         68   rt_locale_intlibspace.o
        64          0          0          0          0        108   rt_memclr.o
       186          0          0          0          0        144   rt_memcpy.o
       150          0          0          0          0        104   rt_memmove.o
         2          0          0          0          0          0   rtexit.o
        10          0          0          0          0          0   rtexit2.o
        40          0          0          0          0         60   rtudiv10.o
       136          4          0          0          0         72   strcmp.o
        12          4          0          0          0         60   sys_exit.o
        62          0          0          0          0         80   sys_stackheap_outer.o
         2          0          0          0          0         68   use_no_semi.o
        36          4          0          0          0         68   vsprintf.o
        12          0          0          0          0         68   fpinit.o
        36          6          0          0          0         72   ieee_status.o
        16          4          0          0          0         76   printf1.o
        16          4          0          0          0         76   printf2.o
         0          0          0          0          0          0   usenofp.o
        44          4          0          0          0         60   fpclassify.o

    ----------------------------------------------------------------------
      7434        244        552          0        324       4484   Library Totals
        12          0          1          0          0          0   (incl. Padding)

    ----------------------------------------------------------------------

      Code (inc. data)   RO Data    RW Data    ZI Data      Debug   Library Name

      7298        226        551          0        324       4132   c_p.l
        80         14          0          0          0        292   f_ps.l
        44          4          0          0          0         60   m_ps.l

    ----------------------------------------------------------------------
      7434        244        552          0        324       4484   Library Totals

    ----------------------------------------------------------------------

==============================================================================


      Code (inc. data)   RO Data    RW Data    ZI Data      Debug   

     16380       1098      27608        396       4308     316677   Grand Totals
     16380       1098      27608        200       4308     316677   ELF Image Totals (compressed)
     16380       1098      27608        200          0          0   ROM Totals

==============================================================================

    Total RO  Size (Code + RO Data)                43988 (  42.96kB)
    Total RW  Size (RW Data + ZI Data)              4704 (   4.59kB)
    Total ROM Size (Code + RO Data + RW Data)      44188 (  43.15kB)

==============================================================================

