C51 COMPILER V9.00   MAIN                                                                  11/26/2013 01:32:32 PAGE 1   


C51 COMPILER V9.00, COMPILATION OF MODULE MAIN
OBJECT MODULE PLACED IN ..\out\main.obj
COMPILER INVOKED BY: d:\Keil\C51\BIN\C51.EXE ..\user\main.c BROWSE DEBUG OBJECTEXTEND PRINT(..\listing\main.lst) OBJECT(
                    -..\out\main.obj)

line level    source

   1          /**********************TS-51A单片机开发板例程************************
   2          *               Copyright (c) 2013,52探索 单片机开发板
   3          *               All rights reserved
   4          *       
   5          *               文件名称：main.c
   6          *               功能描述：一串字符从右侧移入1602的显示区。
   7          * 
   8          *               当前版本：1.0
   9          *               作    者：52探索
  10          *       完成日期：2013-5-29
  11          *
  12          *               取代版本：无
  13          *       改进内容：无
  14          *
  15          *               使用环境：TS-51A开发板 + STC89C52 + 11.0592M晶振 + Keil C51 V9.0 
  16          *       
  17          *               淘宝地址：http://shop104208028.taobao.com/
  18          *               QQ      : 10903659
  19          *               QQ群    ：336397723  336398729   336398900
  20          ******************************************************************/
  21          
  22          #include <REGX52.H>
  23          #include<intrins.h>
  24          
  25          #define uchar unsigned char
  26          #define uint unsigned int
  27          
  28          #define RS_CLR RS = 0 
  29          #define RS_SET RS = 1
  30          
  31          #define RW_CLR RW = 0 
  32          #define RW_SET RW = 1 
  33          
  34          #define EN_CLR EN = 0
  35          #define EN_SET EN = 1
  36          
  37          #define DataPort P0
  38          
  39          sbit RS = P1^3;   //定义端口 
  40          sbit RW = P1^4;
  41          sbit EN = P1^5;
  42          sbit wx = P2^6;
  43          sbit dx = P2^7;
  44          
  45          uchar table1[] = "shop104208028.";
  46          uchar table2[] = "taobao.com";
  47          
  48          /*
  49          * 功  能：延时，若干毫秒
  50          * 参  数：毫秒数
  51          * 返回值：无
  52          */
  53          void DelayMs(unsigned int i)    //一个延时函数，这个函数在11.0592M晶振下的延时时间大概为1ms
  54          {
C51 COMPILER V9.00   MAIN                                                                  11/26/2013 01:32:32 PAGE 2   

  55   1              unsigned int j,k;
  56   1      
  57   1              for(j=i; j>0; j--)
  58   1                      for(k=114; k>0; k--);
  59   1      }
  60          
  61          /*
  62          * 功  能：延时
  63          * 参  数：延时的数量
  64          * 返回值：无
  65          */
  66          void delay(uint x)
  67          {
  68   1              uint a,b;
  69   1              for(a=x;a>0;a--)
  70   1                      for(b=10;b>0;b--); 
  71   1      }
  72          
  73          /*
  74          * 功  能：清除数码管的显示内容
  75          * 参  数：无
  76          * 返回值：无
  77          */
  78          void SMG_CLR( void )
  79          {
  80   1              P0 = 0x00;              //发送要显示的段码
  81   1              dx = 1;
  82   1              dx = 0;
  83   1              
  84   1              P0 = 0x00;              //发送要显示的位码,只显示一位数字
  85   1              wx = 1;
  86   1              wx = 0;
  87   1      }
  88          
  89          /*------------------------------------------------
  90                        判忙函数
  91          ------------------------------------------------*/
  92          bit LCD_Check_Busy(void) 
  93          { 
  94   1              DataPort = 0xFF; 
  95   1              RS_CLR; 
  96   1              RW_SET; 
  97   1              EN_CLR; 
  98   1              _nop_(); 
  99   1              EN_SET;
 100   1              
 101   1              return (bit)(DataPort & 0x80);
 102   1      }
 103          /*------------------------------------------------
 104                        写入命令函数
 105          ------------------------------------------------*/
 106          void LCD_Write_Com(unsigned char com) 
 107          {  
 108   1              while(LCD_Check_Busy()); //忙则等待
 109   1              RS_CLR; 
 110   1              RW_CLR; 
 111   1              EN_SET; 
 112   1              DataPort = com; 
 113   1              _nop_(); 
 114   1              EN_CLR;
 115   1      }
 116          /*------------------------------------------------
C51 COMPILER V9.00   MAIN                                                                  11/26/2013 01:32:32 PAGE 3   

 117                        写入数据函数
 118          ------------------------------------------------*/
 119          void LCD_Write_Data(unsigned char Data) 
 120          { 
 121   1              while(LCD_Check_Busy()); //忙则等待
 122   1              RS_SET; 
 123   1              RW_CLR; 
 124   1              EN_SET; 
 125   1              DataPort = Data; 
 126   1              _nop_();
 127   1              EN_CLR;
 128   1      }
 129          
 130          /*------------------------------------------------
 131                          清屏函数
 132          ------------------------------------------------*/
 133          void LCD_Clear(void) 
 134          { 
 135   1              LCD_Write_Com(0x01); 
 136   1              delay(5);
 137   1      }
 138          
 139          /*------------------------------------------------
 140                        初始化函数
 141          ------------------------------------------------*/
 142          void LCD_Init(void) 
 143          {
 144   1              LCD_Write_Com(0x38);    /*显示模式设置*/ 
 145   1              delay(5); 
 146   1              LCD_Write_Com(0x0F);    /*显示关闭*/ 
 147   1              delay(5); 
 148   1              LCD_Write_Com(0x06);    /*显示清屏*/ 
 149   1              delay(5); 
 150   1              LCD_Write_Com(0x01);    /*显示光标移动设置*/ 
 151   1              delay(5);
 152   1      }
 153             
 154          /*------------------------------------------------
 155                              主函数
 156          ------------------------------------------------*/ 
 157          void main(void) 
 158          { 
 159   1              uchar i;
 160   1      
 161   1              SMG_CLR();
 162   1      
 163   1              LCD_Init();
 164   1              LCD_Clear();
 165   1      
 166   1              LCD_Write_Com(0x80+16);  //将第一个字符写在向右偏移17个字符处，为后面的由右向左划入做准备。
 167   1              delay(10);
 168   1      
 169   1              for(i=0; i<14; i++)
 170   1              {
 171   2                      LCD_Write_Data(table1[i]);
 172   2                      delay(10);              
 173   2              }
 174   1              
 175   1              LCD_Write_Com(0xc0+16);
 176   1              delay(10);
 177   1      
 178   1              for(i=0; i<10; i++)
C51 COMPILER V9.00   MAIN                                                                  11/26/2013 01:32:32 PAGE 4   

 179   1              {
 180   2                      LCD_Write_Data(table2[i]);
 181   2                      delay(10);              
 182   2              }
 183   1              
 184   1              for(i=0; i<16; i++)
 185   1              {
 186   2                      LCD_Write_Com(0x18); //左移
 187   2                      DelayMs(500);
 188   2              }
 189   1      
 190   1              while(1);
 191   1      }


MODULE INFORMATION:   STATIC OVERLAYABLE
   CODE SIZE        =    261    ----
   CONSTANT SIZE    =   ----    ----
   XDATA SIZE       =   ----    ----
   PDATA SIZE       =   ----    ----
   DATA SIZE        =     26    ----
   IDATA SIZE       =   ----    ----
   BIT SIZE         =   ----    ----
END OF MODULE INFORMATION.


C51 COMPILATION COMPLETE.  0 WARNING(S),  0 ERROR(S)
